[2020-09-25T20:18:23.723+0000][gc,heap       ] GC(69) Humongous regions: 129->129
[2020-09-25T20:18:23.723+0000][gc,metaspace  ] GC(69) Metaspace: 39444K->39444K(1085440K)
[2020-09-25T20:18:23.724+0000][gc            ] GC(69) Pause Young (Normal) (G1 Evacuation Pause) 174M->156M(300M) 5.948ms
[2020-09-25T20:18:23.724+0000][gc,cpu        ] GC(69) User=0.01s Sys=0.00s Real=0.00s
[2020-09-25T20:25:31.574+0000][gc,start      ] GC(70) Pause Young (Concurrent Start) (G1 Evacuation Pause)
[2020-09-25T20:25:31.574+0000][gc,task       ] GC(70) Using 1 workers of 1 for evacuation
[2020-09-25T20:25:31.580+0000][gc,phases     ] GC(70)   Pre Evacuate Collection Set: 0.1ms
[2020-09-25T20:25:31.580+0000][gc,phases     ] GC(70)   Evacuate Collection Set: 5.1ms
[2020-09-25T20:25:31.580+0000][gc,phases     ] GC(70)   Post Evacuate Collection Set: 0.1ms
[2020-09-25T20:25:31.580+0000][gc,phases     ] GC(70)   Other: 0.2ms
[2020-09-25T20:25:31.580+0000][gc,heap       ] GC(70) Eden regions: 20->0(20)
[2020-09-25T20:25:31.580+0000][gc,heap       ] GC(70) Survivor regions: 1->1(3)
[2020-09-25T20:25:31.580+0000][gc,heap       ] GC(70) Old regions: 27->27
[2020-09-25T20:25:31.580+0000][gc,heap       ] GC(70) Humongous regions: 129->129
[2020-09-25T20:25:31.580+0000][gc,metaspace  ] GC(70) Metaspace: 39445K->39445K(1085440K)
[2020-09-25T20:25:31.580+0000][gc            ] GC(70) Pause Young (Concurrent Start) (G1 Evacuation Pause) 176M->156M(300M) 5.701ms
[2020-09-25T20:25:31.580+0000][gc,cpu        ] GC(70) User=0.00s Sys=0.00s Real=0.01s
[2020-09-25T20:25:31.580+0000][gc            ] GC(71) Concurrent Cycle
[2020-09-25T20:25:31.580+0000][gc,marking    ] GC(71) Concurrent Clear Claimed Marks
[2020-09-25T20:25:31.580+0000][gc,marking    ] GC(71) Concurrent Clear Claimed Marks 0.043ms
[2020-09-25T20:25:31.580+0000][gc,marking    ] GC(71) Concurrent Scan Root Regions
[2020-09-25T20:25:31.581+0000][gc,marking    ] GC(71) Concurrent Scan Root Regions 1.225ms
[2020-09-25T20:25:31.581+0000][gc,marking    ] GC(71) Concurrent Mark (10380.572s)
[2020-09-25T20:25:31.581+0000][gc,marking    ] GC(71) Concurrent Mark From Roots
[2020-09-25T20:25:31.581+0000][gc,task       ] GC(71) Using 1 workers of 1 for marking
[2020-09-25T20:25:31.609+0000][gc,marking    ] GC(71) Concurrent Mark From Roots 27.753ms
[2020-09-25T20:25:31.609+0000][gc,marking    ] GC(71) Concurrent Preclean
[2020-09-25T20:25:31.609+0000][gc,marking    ] GC(71) Concurrent Preclean 0.076ms
[2020-09-25T20:25:31.609+0000][gc,marking    ] GC(71) Concurrent Mark (10380.572s, 10380.600s) 27.894ms
[2020-09-25T20:25:31.609+0000][gc,start      ] GC(71) Pause Remark
[2020-09-25T20:25:31.621+0000][gc,stringtable] GC(71) Cleaned string and symbol table, strings: 17174 processed, 0 removed, symbols: 81069 processed, 0 removed
[2020-09-25T20:25:31.621+0000][gc            ] GC(71) Pause Remark 156M->156M(300M) 12.247ms
[2020-09-25T20:25:31.621+0000][gc,cpu        ] GC(71) User=0.01s Sys=0.00s Real=0.01s
[2020-09-25T20:25:31.622+0000][gc,marking    ] GC(71) Concurrent Rebuild Remembered Sets
[2020-09-25T20:25:31.639+0000][gc,marking    ] GC(71) Concurrent Rebuild Remembered Sets 17.064ms
[2020-09-25T20:25:31.639+0000][gc,start      ] GC(71) Pause Cleanup
[2020-09-25T20:25:31.639+0000][gc            ] GC(71) Pause Cleanup 156M->156M(300M) 0.105ms
[2020-09-25T20:25:31.639+0000][gc,cpu        ] GC(71) User=0.00s Sys=0.00s Real=0.00s
[2020-09-25T20:25:31.639+0000][gc,marking    ] GC(71) Concurrent Cleanup for Next Mark
[2020-09-25T20:25:31.640+0000][gc,marking    ] GC(71) Concurrent Cleanup for Next Mark 0.818ms
[2020-09-25T20:25:31.640+0000][gc            ] GC(71) Concurrent Cycle 59.955ms
[2020-09-25T20:32:35.829+0000][gc,start      ] GC(72) Pause Young (Normal) (G1 Evacuation Pause)
[2020-09-25T20:32:35.829+0000][gc,task       ] GC(72) Using 1 workers of 1 for evacuation
[2020-09-25T20:32:35.835+0000][gc,phases     ] GC(72)   Pre Evacuate Collection Set: 0.0ms
[2020-09-25T20:32:35.835+0000][gc,phases     ] GC(72)   Evacuate Collection Set: 5.7ms
[2020-09-25T20:32:35.835+0000][gc,phases     ] GC(72)   Post Evacuate Collection Set: 0.2ms
[2020-09-25T20:32:35.835+0000][gc,phases     ] GC(72)   Other: 0.2ms
[2020-09-25T20:32:35.835+0000][gc,heap       ] GC(72) Eden regions: 20->0(22)
[2020-09-25T20:32:35.835+0000][gc,heap       ] GC(72) Survivor regions: 1->1(3)
[2020-09-25T20:32:35.835+0000][gc,heap       ] GC(72) Old regions: 27->27
[2020-09-25T20:32:35.835+0000][gc,heap       ] GC(72) Humongous regions: 129->129
[2020-09-25T20:32:35.835+0000][gc,metaspace  ] GC(72) Metaspace: 39482K->39482K(1085440K)
[2020-09-25T20:32:35.835+0000][gc            ] GC(72) Pause Young (Normal) (G1 Evacuation Pause) 176M->156M(300M) 6.184ms
[2020-09-25T20:32:35.835+0000][gc,cpu        ] GC(72) User=0.00s Sys=0.00s Real=0.01s
[2020-09-25T20:39:55.393+0000][gc,start      ] GC(73) Pause Young (Concurrent Start) (G1 Evacuation Pause)
[2020-09-25T20:39:55.393+0000][gc,task       ] GC(73) Using 1 workers of 1 for evacuation
[2020-09-25T20:39:55.400+0000][gc,phases     ] GC(73)   Pre Evacuate Collection Set: 0.2ms
[2020-09-25T20:39:55.400+0000][gc,phases     ] GC(73)   Evacuate Collection Set: 5.9ms
[2020-09-25T20:39:55.400+0000][gc,phases     ] GC(73)   Post Evacuate Collection Set: 0.2ms
[2020-09-25T20:39:55.400+0000][gc,phases     ] GC(73)   Other: 0.2ms
[2020-09-25T20:39:55.400+0000][gc,heap       ] GC(73) Eden regions: 22->0(23)
[2020-09-25T20:39:55.400+0000][gc,heap       ] GC(73) Survivor regions: 1->2(3)
[2020-09-25T20:39:55.400+0000][gc,heap       ] GC(73) Old regions: 27->27
[2020-09-25T20:39:55.400+0000][gc,heap       ] GC(73) Humongous regions: 129->129
[2020-09-25T20:39:55.400+0000][gc,metaspace  ] GC(73) Metaspace: 39568K->39568K(1085440K)
[2020-09-25T20:39:55.400+0000][gc            ] GC(73) Pause Young (Concurrent Start) (G1 Evacuation Pause) 178M->156M(300M) 6.535ms
[2020-09-25T20:39:55.400+0000][gc,cpu        ] GC(73) User=0.00s Sys=0.01s Real=0.01s
[2020-09-25T20:39:55.400+0000][gc            ] GC(74) Concurrent Cycle
[2020-09-25T20:39:55.400+0000][gc,marking    ] GC(74) Concurrent Clear Claimed Marks
[2020-09-25T20:39:55.400+0000][gc,marking    ] GC(74) Concurrent Clear Claimed Marks 0.057ms
[2020-09-25T20:39:55.400+0000][gc,marking    ] GC(74) Concurrent Scan Root Regions
[2020-09-25T20:39:55.401+0000][gc,marking    ] GC(74) Concurrent Scan Root Regions 1.241ms
[2020-09-25T20:39:55.401+0000][gc,marking    ] GC(74) Concurrent Mark (11244.392s)
[2020-09-25T20:39:55.401+0000][gc,marking    ] GC(74) Concurrent Mark From Roots
[2020-09-25T20:39:55.401+0000][gc,task       ] GC(74) Using 1 workers of 1 for marking
[2020-09-25T20:39:55.438+0000][gc,marking    ] GC(74) Concurrent Mark From Roots 37.309ms
[2020-09-25T20:39:55.438+0000][gc,marking    ] GC(74) Concurrent Preclean
[2020-09-25T20:39:55.438+0000][gc,marking    ] GC(74) Concurrent Preclean 0.091ms
[2020-09-25T20:39:55.438+0000][gc,marking    ] GC(74) Concurrent Mark (11244.392s, 11244.429s) 37.468ms
[2020-09-25T20:39:55.439+0000][gc,start      ] GC(74) Pause Remark
[2020-09-25T20:39:55.451+0000][gc,stringtable] GC(74) Cleaned string and symbol table, strings: 17199 processed, 0 removed, symbols: 81089 processed, 0 removed
[2020-09-25T20:39:55.451+0000][gc            ] GC(74) Pause Remark 156M->156M(300M) 12.011ms
[2020-09-25T20:39:55.451+0000][gc,cpu        ] GC(74) User=0.01s Sys=0.00s Real=0.01s
[2020-09-25T20:39:55.451+0000][gc,marking    ] GC(74) Concurrent Rebuild Remembered Sets
[2020-09-25T20:39:55.468+0000][gc,marking    ] GC(74) Concurrent Rebuild Remembered Sets 16.849ms
[2020-09-25T20:39:55.468+0000][gc,start      ] GC(74) Pause Cleanup
[2020-09-25T20:39:55.468+0000][gc            ] GC(74) Pause Cleanup 157M->157M(300M) 0.102ms
[2020-09-25T20:39:55.468+0000][gc,cpu        ] GC(74) User=0.00s Sys=0.00s Real=0.00s
[2020-09-25T20:39:55.468+0000][gc,marking    ] GC(74) Concurrent Cleanup for Next Mark
[2020-09-25T20:39:55.469+0000][gc,marking    ] GC(74) Concurrent Cleanup for Next Mark 0.762ms
[2020-09-25T20:39:55.469+0000][gc            ] GC(74) Concurrent Cycle 69.047ms
[2020-09-25T20:47:51.993+0000][gc,start      ] GC(75) Pause Young (Normal) (G1 Evacuation Pause)
[2020-09-25T20:47:51.993+0000][gc,task       ] GC(75) Using 1 workers of 1 for evacuation
[2020-09-25T20:47:52.000+0000][gc,phases     ] GC(75)   Pre Evacuate Collection Set: 0.0ms
[2020-09-25T20:47:52.000+0000][gc,phases     ] GC(75)   Evacuate Collection Set: 6.6ms
[2020-09-25T20:47:52.000+0000][gc,phases     ] GC(75)   Post Evacuate Collection Set: 0.2ms
[2020-09-25T20:47:52.000+0000][gc,phases     ] GC(75)   Other: 0.2ms
[2020-09-25T20:47:52.000+0000][gc,heap       ] GC(75) Eden regions: 23->0(105)
[2020-09-25T20:47:52.000+0000][gc,heap       ] GC(75) Survivor regions: 2->1(4)
[2020-09-25T20:47:52.000+0000][gc,heap       ] GC(75) Old regions: 27->27
[2020-09-25T20:47:52.000+0000][gc,heap       ] GC(75) Humongous regions: 129->129
[2020-09-25T20:47:52.000+0000][gc,metaspace  ] GC(75) Metaspace: 39577K->39577K(1085440K)
[2020-09-25T20:47:52.000+0000][gc            ] GC(75) Pause Young (Normal) (G1 Evacuation Pause) 179M->156M(300M) 7.051ms
[2020-09-25T20:47:52.000+0000][gc,cpu        ] GC(75) User=0.01s Sys=0.00s Real=0.01s
[2020-09-25T21:26:18.184+0000][gc,start      ] GC(76) Pause Young (Concurrent Start) (G1 Evacuation Pause)
[2020-09-25T21:26:18.184+0000][gc,task       ] GC(76) Using 1 workers of 1 for evacuation
[2020-09-25T21:26:18.191+0000][gc,phases     ] GC(76)   Pre Evacuate Collection Set: 0.1ms
[2020-09-25T21:26:18.191+0000][gc,phases     ] GC(76)   Evacuate Collection Set: 6.7ms
[2020-09-25T21:26:18.191+0000][gc,phases     ] GC(76)   Post Evacuate Collection Set: 0.3ms
[2020-09-25T21:26:18.192+0000][gc,phases     ] GC(76)   Other: 0.3ms
[2020-09-25T21:26:18.192+0000][gc,heap       ] GC(76) Eden regions: 105->0(104)
[2020-09-25T21:26:18.192+0000][gc,heap       ] GC(76) Survivor regions: 1->2(14)
[2020-09-25T21:26:18.192+0000][gc,heap       ] GC(76) Old regions: 27->27
[2020-09-25T21:26:18.192+0000][gc,heap       ] GC(76) Humongous regions: 129->129
[2020-09-25T21:26:18.192+0000][gc,metaspace  ] GC(76) Metaspace: 39582K->39582K(1085440K)
[2020-09-25T21:26:18.192+0000][gc            ] GC(76) Pause Young (Concurrent Start) (G1 Evacuation Pause) 261M->156M(300M) 7.500ms
[2020-09-25T21:26:18.192+0000][gc,cpu        ] GC(76) User=0.01s Sys=0.00s Real=0.01s
[2020-09-25T21:26:18.192+0000][gc            ] GC(77) Concurrent Cycle
[2020-09-25T21:26:18.192+0000][gc,marking    ] GC(77) Concurrent Clear Claimed Marks
[2020-09-25T21:26:18.192+0000][gc,marking    ] GC(77) Concurrent Clear Claimed Marks 0.051ms
[2020-09-25T21:26:18.192+0000][gc,marking    ] GC(77) Concurrent Scan Root Regions
[2020-09-25T21:26:18.193+0000][gc,marking    ] GC(77) Concurrent Scan Root Regions 1.263ms
[2020-09-25T21:26:18.193+0000][gc,marking    ] GC(77) Concurrent Mark (14027.184s)
[2020-09-25T21:26:18.193+0000][gc,marking    ] GC(77) Concurrent Mark From Roots
[2020-09-25T21:26:18.193+0000][gc,task       ] GC(77) Using 1 workers of 1 for marking
[2020-09-25T21:26:18.220+0000][gc,marking    ] GC(77) Concurrent Mark From Roots 27.188ms
[2020-09-25T21:26:18.220+0000][gc,marking    ] GC(77) Concurrent Preclean
[2020-09-25T21:26:18.220+0000][gc,marking    ] GC(77) Concurrent Preclean 0.073ms
[2020-09-25T21:26:18.220+0000][gc,marking    ] GC(77) Concurrent Mark (14027.184s, 14027.211s) 27.319ms
[2020-09-25T21:26:18.220+0000][gc,start      ] GC(77) Pause Remark
[2020-09-25T21:26:18.232+0000][gc,stringtable] GC(77) Cleaned string and symbol table, strings: 17216 processed, 0 removed, symbols: 81089 processed, 0 removed
[2020-09-25T21:26:18.232+0000][gc            ] GC(77) Pause Remark 156M->156M(300M) 11.889ms
[2020-09-25T21:26:18.232+0000][gc,cpu        ] GC(77) User=0.01s Sys=0.00s Real=0.01s
[2020-09-25T21:26:18.232+0000][gc,marking    ] GC(77) Concurrent Rebuild Remembered Sets
[2020-09-25T21:26:18.249+0000][gc,marking    ] GC(77) Concurrent Rebuild Remembered Sets 16.688ms
[2020-09-25T21:26:18.249+0000][gc,start      ] GC(77) Pause Cleanup
[2020-09-25T21:26:18.249+0000][gc            ] GC(77) Pause Cleanup 156M->156M(300M) 0.096ms
[2020-09-25T21:26:18.249+0000][gc,cpu        ] GC(77) User=0.00s Sys=0.00s Real=0.00s
[2020-09-25T21:26:18.249+0000][gc,marking    ] GC(77) Concurrent Cleanup for Next Mark
[2020-09-25T21:26:18.250+0000][gc,marking    ] GC(77) Concurrent Cleanup for Next Mark 0.780ms
[2020-09-25T21:26:18.250+0000][gc            ] GC(77) Concurrent Cycle 58.626ms
[2020-09-25T22:04:05.467+0000][gc,start      ] GC(78) Pause Young (Normal) (G1 Evacuation Pause)
[2020-09-25T22:04:05.467+0000][gc,task       ] GC(78) Using 1 workers of 1 for evacuation
[2020-09-25T22:04:05.474+0000][gc,phases     ] GC(78)   Pre Evacuate Collection Set: 0.0ms
[2020-09-25T22:04:05.474+0000][gc,phases     ] GC(78)   Evacuate Collection Set: 6.6ms
[2020-09-25T22:04:05.474+0000][gc,phases     ] GC(78)   Post Evacuate Collection Set: 0.3ms
[2020-09-25T22:04:05.474+0000][gc,phases     ] GC(78)   Other: 0.2ms
[2020-09-25T22:04:05.474+0000][gc,heap       ] GC(78) Eden regions: 104->0(106)
[2020-09-25T22:04:05.474+0000][gc,heap       ] GC(78) Survivor regions: 2->1(14)
[2020-09-25T22:04:05.474+0000][gc,heap       ] GC(78) Old regions: 27->27
[2020-09-25T22:04:05.474+0000][gc,heap       ] GC(78) Humongous regions: 129->129
[2020-09-25T22:04:05.474+0000][gc,metaspace  ] GC(78) Metaspace: 39601K->39601K(1085440K)
[2020-09-25T22:04:05.474+0000][gc            ] GC(78) Pause Young (Normal) (G1 Evacuation Pause) 260M->156M(300M) 7.149ms
[2020-09-25T22:04:05.474+0000][gc,cpu        ] GC(78) User=0.01s Sys=0.00s Real=0.00s
[2020-09-25T22:42:41.323+0000][gc,start      ] GC(79) Pause Young (Concurrent Start) (G1 Evacuation Pause)
[2020-09-25T22:42:41.323+0000][gc,task       ] GC(79) Using 1 workers of 1 for evacuation
[2020-09-25T22:42:41.333+0000][gc,phases     ] GC(79)   Pre Evacuate Collection Set: 0.1ms
[2020-09-25T22:42:41.333+0000][gc,phases     ] GC(79)   Evacuate Collection Set: 7.5ms
[2020-09-25T22:42:41.333+0000][gc,phases     ] GC(79)   Post Evacuate Collection Set: 2.5ms
[2020-09-25T22:42:41.333+0000][gc,phases     ] GC(79)   Other: 0.2ms
[2020-09-25T22:42:41.333+0000][gc,heap       ] GC(79) Eden regions: 106->0(106)
[2020-09-25T22:42:41.333+0000][gc,heap       ] GC(79) Survivor regions: 1->1(14)
[2020-09-25T22:42:41.333+0000][gc,heap       ] GC(79) Old regions: 27->27
[2020-09-25T22:42:41.333+0000][gc,heap       ] GC(79) Humongous regions: 129->129
[2020-09-25T22:42:41.333+0000][gc,metaspace  ] GC(79) Metaspace: 39603K->39603K(1085440K)
[2020-09-25T22:42:41.333+0000][gc            ] GC(79) Pause Young (Concurrent Start) (G1 Evacuation Pause) 262M->156M(300M) 10.472ms
[2020-09-25T22:42:41.333+0000][gc,cpu        ] GC(79) User=0.00s Sys=0.00s Real=0.01s
[2020-09-25T22:42:41.334+0000][gc            ] GC(80) Concurrent Cycle
[2020-09-25T22:42:41.334+0000][gc,marking    ] GC(80) Concurrent Clear Claimed Marks
[2020-09-25T22:42:41.334+0000][gc,marking    ] GC(80) Concurrent Clear Claimed Marks 0.137ms
[2020-09-25T22:42:41.334+0000][gc,marking    ] GC(80) Concurrent Scan Root Regions
[2020-09-25T22:42:41.335+0000][gc,marking    ] GC(80) Concurrent Scan Root Regions 1.294ms
[2020-09-25T22:42:41.335+0000][gc,marking    ] GC(80) Concurrent Mark (18610.326s)
[2020-09-25T22:42:41.335+0000][gc,marking    ] GC(80) Concurrent Mark From Roots
[2020-09-25T22:42:41.335+0000][gc,task       ] GC(80) Using 1 workers of 1 for marking
[2020-09-25T22:42:41.362+0000][gc,marking    ] GC(80) Concurrent Mark From Roots 26.620ms
[2020-09-25T22:42:41.362+0000][gc,marking    ] GC(80) Concurrent Preclean
[2020-09-25T22:42:41.362+0000][gc,marking    ] GC(80) Concurrent Preclean 0.096ms
[2020-09-25T22:42:41.362+0000][gc,marking    ] GC(80) Concurrent Mark (18610.326s, 18610.353s) 26.783ms
[2020-09-25T22:42:41.362+0000][gc,start      ] GC(80) Pause Remark
[2020-09-25T22:42:41.374+0000][gc,stringtable] GC(80) Cleaned string and symbol table, strings: 17221 processed, 0 removed, symbols: 81089 processed, 0 removed
[2020-09-25T22:42:41.374+0000][gc            ] GC(80) Pause Remark 156M->156M(300M) 11.822ms
[2020-09-25T22:42:41.374+0000][gc,cpu        ] GC(80) User=0.01s Sys=0.00s Real=0.01s
[2020-09-25T22:42:41.374+0000][gc,marking    ] GC(80) Concurrent Rebuild Remembered Sets
[2020-09-25T22:42:41.390+0000][gc,marking    ] GC(80) Concurrent Rebuild Remembered Sets 16.031ms
[2020-09-25T22:42:41.390+0000][gc,start      ] GC(80) Pause Cleanup
[2020-09-25T22:42:41.390+0000][gc            ] GC(80) Pause Cleanup 156M->156M(300M) 0.099ms
[2020-09-25T22:42:41.390+0000][gc,cpu        ] GC(80) User=0.00s Sys=0.00s Real=0.00s
[2020-09-25T22:42:41.390+0000][gc,marking    ] GC(80) Concurrent Cleanup for Next Mark
[2020-09-25T22:42:41.391+0000][gc,marking    ] GC(80) Concurrent Cleanup for Next Mark 0.789ms
[2020-09-25T22:42:41.391+0000][gc            ] GC(80) Concurrent Cycle 57.522ms
[2020-09-25T23:21:26.747+0000][gc,start      ] GC(81) Pause Young (Normal) (G1 Evacuation Pause)
[2020-09-25T23:21:26.747+0000][gc,task       ] GC(81) Using 1 workers of 1 for evacuation
[2020-09-25T23:21:26.751+0000][gc,phases     ] GC(81)   Pre Evacuate Collection Set: 0.0ms
[2020-09-25T23:21:26.751+0000][gc,phases     ] GC(81)   Evacuate Collection Set: 4.4ms
[2020-09-25T23:21:26.752+0000][gc,phases     ] GC(81)   Post Evacuate Collection Set: 0.3ms
[2020-09-25T23:21:26.752+0000][gc,phases     ] GC(81)   Other: 0.2ms
[2020-09-25T23:21:26.752+0000][gc,heap       ] GC(81) Eden regions: 106->0(106)
[2020-09-25T23:21:26.752+0000][gc,heap       ] GC(81) Survivor regions: 1->1(14)
[2020-09-25T23:21:26.752+0000][gc,heap       ] GC(81) Old regions: 27->27
[2020-09-25T23:21:26.752+0000][gc,heap       ] GC(81) Humongous regions: 129->129
[2020-09-25T23:21:26.752+0000][gc,metaspace  ] GC(81) Metaspace: 39605K->39605K(1085440K)
[2020-09-25T23:21:26.752+0000][gc            ] GC(81) Pause Young (Normal) (G1 Evacuation Pause) 262M->156M(300M) 4.963ms
[2020-09-25T23:21:26.752+0000][gc,cpu        ] GC(81) User=0.01s Sys=0.00s Real=0.01s
[2020-09-26T00:00:04.115+0000][gc,start      ] GC(82) Pause Young (Concurrent Start) (G1 Evacuation Pause)
[2020-09-26T00:00:04.115+0000][gc,task       ] GC(82) Using 1 workers of 1 for evacuation
[2020-09-26T00:00:04.136+0000][gc,mmu        ] GC(82) MMU target violated: 21.0ms (20.0ms/21.0ms)
[2020-09-26T00:00:04.136+0000][gc,phases     ] GC(82)   Pre Evacuate Collection Set: 0.1ms
[2020-09-26T00:00:04.137+0000][gc,phases     ] GC(82)   Evacuate Collection Set: 21.0ms
[2020-09-26T00:00:04.137+0000][gc,phases     ] GC(82)   Post Evacuate Collection Set: 0.3ms
[2020-09-26T00:00:04.137+0000][gc,phases     ] GC(82)   Other: 0.3ms
[2020-09-26T00:00:04.137+0000][gc,heap       ] GC(82) Eden regions: 106->0(30)
[2020-09-26T00:00:04.137+0000][gc,heap       ] GC(82) Survivor regions: 1->1(14)
[2020-09-26T00:00:04.137+0000][gc,heap       ] GC(82) Old regions: 27->27
[2020-09-26T00:00:04.137+0000][gc,heap       ] GC(82) Humongous regions: 129->129
[2020-09-26T00:00:04.137+0000][gc,metaspace  ] GC(82) Metaspace: 39618K->39618K(1085440K)
[2020-09-26T00:00:04.137+0000][gc            ] GC(82) Pause Young (Concurrent Start) (G1 Evacuation Pause) 262M->156M(300M) 21.773ms
[2020-09-26T00:00:04.137+0000][gc,cpu        ] GC(82) User=0.02s Sys=0.00s Real=0.02s
[2020-09-26T00:00:04.137+0000][gc            ] GC(83) Concurrent Cycle
[2020-09-26T00:00:04.137+0000][gc,marking    ] GC(83) Concurrent Clear Claimed Marks
[2020-09-26T00:00:04.137+0000][gc,marking    ] GC(83) Concurrent Clear Claimed Marks 0.141ms
[2020-09-26T00:00:04.137+0000][gc,marking    ] GC(83) Concurrent Scan Root Regions
[2020-09-26T00:00:04.155+0000][gc,marking    ] GC(83) Concurrent Scan Root Regions 17.935ms
[2020-09-26T00:00:04.155+0000][gc,marking    ] GC(83) Concurrent Mark (23253.146s)
[2020-09-26T00:00:04.155+0000][gc,marking    ] GC(83) Concurrent Mark From Roots
[2020-09-26T00:00:04.155+0000][gc,task       ] GC(83) Using 1 workers of 1 for marking
[2020-09-26T00:00:04.297+0000][gc,marking    ] GC(83) Concurrent Mark From Roots 142.110ms
[2020-09-26T00:00:04.297+0000][gc,marking    ] GC(83) Concurrent Preclean
[2020-09-26T00:00:04.297+0000][gc,marking    ] GC(83) Concurrent Preclean 0.110ms
[2020-09-26T00:00:04.297+0000][gc,marking    ] GC(83) Concurrent Mark (23253.146s, 23253.288s) 142.290ms
[2020-09-26T00:00:04.297+0000][gc,start      ] GC(83) Pause Remark
[2020-09-26T00:00:04.359+0000][gc,stringtable] GC(83) Cleaned string and symbol table, strings: 17227 processed, 0 removed, symbols: 81089 processed, 0 removed
[2020-09-26T00:00:04.359+0000][gc,mmu        ] GC(83) MMU target violated: 21.0ms (20.0ms/21.0ms)
[2020-09-26T00:00:04.359+0000][gc            ] GC(83) Pause Remark 156M->156M(300M) 61.647ms
[2020-09-26T00:00:04.359+0000][gc,cpu        ] GC(83) User=0.07s Sys=0.00s Real=0.06s
[2020-09-26T00:00:04.359+0000][gc,marking    ] GC(83) Concurrent Rebuild Remembered Sets
[2020-09-26T00:00:04.441+0000][gc,marking    ] GC(83) Concurrent Rebuild Remembered Sets 81.974ms
[2020-09-26T00:00:04.441+0000][gc,start      ] GC(83) Pause Cleanup
[2020-09-26T00:00:04.441+0000][gc            ] GC(83) Pause Cleanup 156M->156M(300M) 0.112ms
[2020-09-26T00:00:04.441+0000][gc,cpu        ] GC(83) User=0.00s Sys=0.00s Real=0.00s
[2020-09-26T00:00:04.441+0000][gc,marking    ] GC(83) Concurrent Cleanup for Next Mark
[2020-09-26T00:00:04.458+0000][gc,marking    ] GC(83) Concurrent Cleanup for Next Mark 17.047ms
[2020-09-26T00:00:04.458+0000][gc            ] GC(83) Concurrent Cycle 321.806ms
[2020-09-26T00:10:54.817+0000][gc,start      ] GC(84) Pause Young (Normal) (G1 Evacuation Pause)
[2020-09-26T00:10:54.819+0000][gc,task       ] GC(84) Using 1 workers of 1 for evacuation
[2020-09-26T00:10:54.826+0000][gc,phases     ] GC(84)   Pre Evacuate Collection Set: 0.0ms
[2020-09-26T00:10:54.826+0000][gc,phases     ] GC(84)   Evacuate Collection Set: 3.9ms
[2020-09-26T00:10:54.826+0000][gc,phases     ] GC(84)   Post Evacuate Collection Set: 2.8ms
[2020-09-26T00:10:54.826+0000][gc,phases     ] GC(84)   Other: 2.2ms
[2020-09-26T00:10:54.826+0000][gc,heap       ] GC(84) Eden regions: 30->0(31)
[2020-09-26T00:10:54.826+0000][gc,heap       ] GC(84) Survivor regions: 1->1(4)
[2020-09-26T00:10:54.826+0000][gc,heap       ] GC(84) Old regions: 27->27
[2020-09-26T00:10:54.826+0000][gc,heap       ] GC(84) Humongous regions: 129->129
[2020-09-26T00:10:54.826+0000][gc,metaspace  ] GC(84) Metaspace: 39629K->39629K(1085440K)
[2020-09-26T00:10:54.826+0000][gc            ] GC(84) Pause Young (Normal) (G1 Evacuation Pause) 186M->156M(300M) 9.019ms
[2020-09-26T00:10:54.827+0000][gc,cpu        ] GC(84) User=0.00s Sys=0.00s Real=0.00s
[2020-09-26T00:22:04.113+0000][gc,start      ] GC(85) Pause Young (Concurrent Start) (G1 Evacuation Pause)
[2020-09-26T00:22:04.113+0000][gc,task       ] GC(85) Using 1 workers of 1 for evacuation
[2020-09-26T00:22:04.117+0000][gc,phases     ] GC(85)   Pre Evacuate Collection Set: 0.2ms
[2020-09-26T00:22:04.117+0000][gc,phases     ] GC(85)   Evacuate Collection Set: 4.1ms
[2020-09-26T00:22:04.117+0000][gc,phases     ] GC(85)   Post Evacuate Collection Set: 0.2ms
[2020-09-26T00:22:04.117+0000][gc,phases     ] GC(85)   Other: 0.2ms
[2020-09-26T00:22:04.117+0000][gc,heap       ] GC(85) Eden regions: 31->0(32)
[2020-09-26T00:22:04.117+0000][gc,heap       ] GC(85) Survivor regions: 1->1(4)
[2020-09-26T00:22:04.117+0000][gc,heap       ] GC(85) Old regions: 27->27
[2020-09-26T00:22:04.117+0000][gc,heap       ] GC(85) Humongous regions: 129->129
[2020-09-26T00:22:04.117+0000][gc,metaspace  ] GC(85) Metaspace: 39629K->39629K(1085440K)
[2020-09-26T00:22:04.117+0000][gc            ] GC(85) Pause Young (Concurrent Start) (G1 Evacuation Pause) 187M->156M(300M) 4.688ms
[2020-09-26T00:22:04.117+0000][gc,cpu        ] GC(85) User=0.01s Sys=0.00s Real=0.01s
[2020-09-26T00:22:04.118+0000][gc            ] GC(86) Concurrent Cycle
[2020-09-26T00:22:04.118+0000][gc,marking    ] GC(86) Concurrent Clear Claimed Marks
[2020-09-26T00:22:04.118+0000][gc,marking    ] GC(86) Concurrent Clear Claimed Marks 0.047ms
[2020-09-26T00:22:04.118+0000][gc,marking    ] GC(86) Concurrent Scan Root Regions
[2020-09-26T00:22:04.119+0000][gc,marking    ] GC(86) Concurrent Scan Root Regions 1.847ms
[2020-09-26T00:22:04.119+0000][gc,marking    ] GC(86) Concurrent Mark (24573.110s)
[2020-09-26T00:22:04.119+0000][gc,marking    ] GC(86) Concurrent Mark From Roots
[2020-09-26T00:22:04.119+0000][gc,task       ] GC(86) Using 1 workers of 1 for marking
[2020-09-26T00:22:04.146+0000][gc,marking    ] GC(86) Concurrent Mark From Roots 26.701ms
[2020-09-26T00:22:04.146+0000][gc,marking    ] GC(86) Concurrent Preclean
[2020-09-26T00:22:04.146+0000][gc,marking    ] GC(86) Concurrent Preclean 0.092ms
[2020-09-26T00:22:04.146+0000][gc,marking    ] GC(86) Concurrent Mark (24573.110s, 24573.137s) 26.883ms
[2020-09-26T00:22:04.147+0000][gc,start      ] GC(86) Pause Remark
[2020-09-26T00:22:04.158+0000][gc,stringtable] GC(86) Cleaned string and symbol table, strings: 17252 processed, 0 removed, symbols: 81092 processed, 0 removed
[2020-09-26T00:22:04.158+0000][gc            ] GC(86) Pause Remark 156M->156M(300M) 11.494ms
[2020-09-26T00:22:04.158+0000][gc,cpu        ] GC(86) User=0.01s Sys=0.00s Real=0.02s
[2020-09-26T00:22:04.158+0000][gc,marking    ] GC(86) Concurrent Rebuild Remembered Sets
[2020-09-26T00:22:04.174+0000][gc,marking    ] GC(86) Concurrent Rebuild Remembered Sets 16.231ms
[2020-09-26T00:22:04.174+0000][gc,start      ] GC(86) Pause Cleanup
[2020-09-26T00:22:04.175+0000][gc            ] GC(86) Pause Cleanup 156M->156M(300M) 0.089ms
[2020-09-26T00:22:04.175+0000][gc,cpu        ] GC(86) User=0.00s Sys=0.00s Real=0.00s
[2020-09-26T00:22:04.175+0000][gc,marking    ] GC(86) Concurrent Cleanup for Next Mark
[2020-09-26T00:22:04.175+0000][gc,marking    ] GC(86) Concurrent Cleanup for Next Mark 0.802ms
[2020-09-26T00:22:04.175+0000][gc            ] GC(86) Concurrent Cycle 57.912ms
[2020-09-26T00:30:00.139+0000][gc,heap,exit  ] Heap
[2020-09-26T00:30:00.140+0000][gc,heap,exit  ]  garbage-first heap   total 307200K, used 189965K [0x00000000ed400000, 0x0000000100000000)
[2020-09-26T00:30:00.140+0000][gc,heap,exit  ]   region size 1024K, 32 young (32768K), 1 survivors (1024K)
[2020-09-26T00:30:00.140+0000][gc,heap,exit  ]  Metaspace       used 40124K, capacity 42259K, committed 42368K, reserved 1085440K
[2020-09-26T00:30:00.140+0000][gc,heap,exit  ]   class space    used 5203K, capacity 6196K, committed 6272K, reserved 1048576K
