[2020-09-25T17:32:31.012+0000][gc,heap] Heap region size: 1M
[2020-09-25T17:32:31.016+0000][gc     ] Using G1
[2020-09-25T17:32:31.016+0000][gc,heap,coops] Heap address: 0x00000000ed400000, size: 300 MB, Compressed Oops mode: 32-bit
[2020-09-25T17:32:32.054+0000][gc,start     ] GC(0) Pause Young (Normal) (G1 Evacuation Pause)
[2020-09-25T17:32:32.054+0000][gc,task      ] GC(0) Using 1 workers of 1 for evacuation
[2020-09-25T17:32:32.066+0000][gc,phases    ] GC(0)   Pre Evacuate Collection Set: 0.0ms
[2020-09-25T17:32:32.066+0000][gc,phases    ] GC(0)   Evacuate Collection Set: 12.0ms
[2020-09-25T17:32:32.066+0000][gc,phases    ] GC(0)   Post Evacuate Collection Set: 0.2ms
[2020-09-25T17:32:32.066+0000][gc,phases    ] GC(0)   Other: 0.2ms
[2020-09-25T17:32:32.066+0000][gc,heap      ] GC(0) Eden regions: 15->0(13)
[2020-09-25T17:32:32.066+0000][gc,heap      ] GC(0) Survivor regions: 0->2(2)
[2020-09-25T17:32:32.066+0000][gc,heap      ] GC(0) Old regions: 0->4
[2020-09-25T17:32:32.066+0000][gc,heap      ] GC(0) Humongous regions: 0->0
[2020-09-25T17:32:32.066+0000][gc,metaspace ] GC(0) Metaspace: 6198K->6198K(1056768K)
[2020-09-25T17:32:32.066+0000][gc           ] GC(0) Pause Young (Normal) (G1 Evacuation Pause) 15M->5M(300M) 12.490ms
[2020-09-25T17:32:32.066+0000][gc,cpu       ] GC(0) User=0.00s Sys=0.01s Real=0.01s
[2020-09-25T17:32:32.642+0000][gc,start     ] GC(1) Pause Young (Normal) (G1 Evacuation Pause)
[2020-09-25T17:32:32.642+0000][gc,task      ] GC(1) Using 1 workers of 1 for evacuation
[2020-09-25T17:32:32.650+0000][gc,phases    ] GC(1)   Pre Evacuate Collection Set: 0.0ms
[2020-09-25T17:32:32.650+0000][gc,phases    ] GC(1)   Evacuate Collection Set: 8.2ms
[2020-09-25T17:32:32.650+0000][gc,phases    ] GC(1)   Post Evacuate Collection Set: 0.1ms
[2020-09-25T17:32:32.650+0000][gc,phases    ] GC(1)   Other: 0.1ms
[2020-09-25T17:32:32.650+0000][gc,heap      ] GC(1) Eden regions: 13->0(14)
[2020-09-25T17:32:32.650+0000][gc,heap      ] GC(1) Survivor regions: 2->1(2)
[2020-09-25T17:32:32.650+0000][gc,heap      ] GC(1) Old regions: 4->6
[2020-09-25T17:32:32.650+0000][gc,heap      ] GC(1) Humongous regions: 0->0
[2020-09-25T17:32:32.650+0000][gc,metaspace ] GC(1) Metaspace: 10079K->10079K(1058816K)
[2020-09-25T17:32:32.650+0000][gc           ] GC(1) Pause Young (Normal) (G1 Evacuation Pause) 18M->6M(300M) 8.581ms
[2020-09-25T17:32:32.651+0000][gc,cpu       ] GC(1) User=0.01s Sys=0.00s Real=0.01s
[2020-09-25T17:32:33.068+0000][gc,start     ] GC(2) Pause Young (Normal) (G1 Evacuation Pause)
[2020-09-25T17:32:33.068+0000][gc,task      ] GC(2) Using 1 workers of 1 for evacuation
[2020-09-25T17:32:33.072+0000][gc,phases    ] GC(2)   Pre Evacuate Collection Set: 0.0ms
[2020-09-25T17:32:33.073+0000][gc,phases    ] GC(2)   Evacuate Collection Set: 4.1ms
[2020-09-25T17:32:33.073+0000][gc,phases    ] GC(2)   Post Evacuate Collection Set: 0.1ms
[2020-09-25T17:32:33.073+0000][gc,phases    ] GC(2)   Other: 0.1ms
[2020-09-25T17:32:33.073+0000][gc,heap      ] GC(2) Eden regions: 14->0(13)
[2020-09-25T17:32:33.073+0000][gc,heap      ] GC(2) Survivor regions: 1->2(2)
[2020-09-25T17:32:33.073+0000][gc,heap      ] GC(2) Old regions: 6->6
[2020-09-25T17:32:33.073+0000][gc,heap      ] GC(2) Humongous regions: 0->0
[2020-09-25T17:32:33.073+0000][gc,metaspace ] GC(2) Metaspace: 13930K->13930K(1060864K)
[2020-09-25T17:32:33.073+0000][gc           ] GC(2) Pause Young (Normal) (G1 Evacuation Pause) 20M->6M(300M) 4.405ms
[2020-09-25T17:32:33.073+0000][gc,cpu       ] GC(2) User=0.01s Sys=0.00s Real=0.00s
[2020-09-25T17:32:33.566+0000][gc,start     ] GC(3) Pause Young (Normal) (G1 Evacuation Pause)
[2020-09-25T17:32:33.566+0000][gc,task      ] GC(3) Using 1 workers of 1 for evacuation
[2020-09-25T17:32:33.571+0000][gc,phases    ] GC(3)   Pre Evacuate Collection Set: 0.0ms
[2020-09-25T17:32:33.571+0000][gc,phases    ] GC(3)   Evacuate Collection Set: 4.6ms
[2020-09-25T17:32:33.571+0000][gc,phases    ] GC(3)   Post Evacuate Collection Set: 0.1ms
[2020-09-25T17:32:33.571+0000][gc,phases    ] GC(3)   Other: 0.1ms
[2020-09-25T17:32:33.571+0000][gc,heap      ] GC(3) Eden regions: 13->0(14)
[2020-09-25T17:32:33.571+0000][gc,heap      ] GC(3) Survivor regions: 2->1(2)
[2020-09-25T17:32:33.571+0000][gc,heap      ] GC(3) Old regions: 6->7
[2020-09-25T17:32:33.571+0000][gc,heap      ] GC(3) Humongous regions: 0->0
[2020-09-25T17:32:33.571+0000][gc,metaspace ] GC(3) Metaspace: 17451K->17451K(1064960K)
[2020-09-25T17:32:33.571+0000][gc           ] GC(3) Pause Young (Normal) (G1 Evacuation Pause) 19M->7M(300M) 4.958ms
[2020-09-25T17:32:33.571+0000][gc,cpu       ] GC(3) User=0.00s Sys=0.00s Real=0.01s
[2020-09-25T17:32:34.125+0000][gc,start     ] GC(4) Pause Young (Concurrent Start) (G1 Humongous Allocation)
[2020-09-25T17:32:34.125+0000][gc,task      ] GC(4) Using 1 workers of 1 for evacuation
[2020-09-25T17:32:34.131+0000][gc,phases    ] GC(4)   Pre Evacuate Collection Set: 0.0ms
[2020-09-25T17:32:34.131+0000][gc,phases    ] GC(4)   Evacuate Collection Set: 5.0ms
[2020-09-25T17:32:34.131+0000][gc,phases    ] GC(4)   Post Evacuate Collection Set: 0.1ms
[2020-09-25T17:32:34.131+0000][gc,phases    ] GC(4)   Other: 0.2ms
[2020-09-25T17:32:34.131+0000][gc,heap      ] GC(4) Eden regions: 13->0(13)
[2020-09-25T17:32:34.131+0000][gc,heap      ] GC(4) Survivor regions: 1->2(2)
[2020-09-25T17:32:34.131+0000][gc,heap      ] GC(4) Old regions: 7->7
[2020-09-25T17:32:34.131+0000][gc,heap      ] GC(4) Humongous regions: 0->0
[2020-09-25T17:32:34.131+0000][gc,metaspace ] GC(4) Metaspace: 20433K->20433K(1067008K)
[2020-09-25T17:32:34.131+0000][gc           ] GC(4) Pause Young (Concurrent Start) (G1 Humongous Allocation) 19M->7M(300M) 5.474ms
[2020-09-25T17:32:34.131+0000][gc,cpu       ] GC(4) User=0.01s Sys=0.00s Real=0.01s
[2020-09-25T17:32:34.131+0000][gc           ] GC(5) Concurrent Cycle
[2020-09-25T17:32:34.131+0000][gc,marking   ] GC(5) Concurrent Clear Claimed Marks
[2020-09-25T17:32:34.131+0000][gc,marking   ] GC(5) Concurrent Clear Claimed Marks 0.023ms
[2020-09-25T17:32:34.131+0000][gc,marking   ] GC(5) Concurrent Scan Root Regions
[2020-09-25T17:32:34.132+0000][gc,marking   ] GC(5) Concurrent Scan Root Regions 1.089ms
[2020-09-25T17:32:34.132+0000][gc,marking   ] GC(5) Concurrent Mark (3.123s)
[2020-09-25T17:32:34.132+0000][gc,marking   ] GC(5) Concurrent Mark From Roots
[2020-09-25T17:32:34.132+0000][gc,task      ] GC(5) Using 1 workers of 1 for marking
[2020-09-25T17:32:34.147+0000][gc,marking   ] GC(5) Concurrent Mark From Roots 14.865ms
[2020-09-25T17:32:34.147+0000][gc,marking   ] GC(5) Concurrent Preclean
[2020-09-25T17:32:34.147+0000][gc,marking   ] GC(5) Concurrent Preclean 0.047ms
[2020-09-25T17:32:34.147+0000][gc,marking   ] GC(5) Concurrent Mark (3.123s, 3.138s) 14.969ms
[2020-09-25T17:32:34.279+0000][gc,start     ] GC(5) Pause Remark
[2020-09-25T17:32:34.283+0000][gc,stringtable] GC(5) Cleaned string and symbol table, strings: 9105 processed, 7 removed, symbols: 49542 processed, 52 removed
[2020-09-25T17:32:34.283+0000][gc            ] GC(5) Pause Remark 136M->136M(300M) 4.206ms
[2020-09-25T17:32:34.283+0000][gc,cpu        ] GC(5) User=0.00s Sys=0.00s Real=0.00s
[2020-09-25T17:32:34.283+0000][gc,marking    ] GC(5) Concurrent Rebuild Remembered Sets
[2020-09-25T17:32:34.294+0000][gc,marking    ] GC(5) Concurrent Rebuild Remembered Sets 11.013ms
[2020-09-25T17:32:34.294+0000][gc,start      ] GC(5) Pause Cleanup
[2020-09-25T17:32:34.295+0000][gc            ] GC(5) Pause Cleanup 137M->137M(300M) 0.074ms
[2020-09-25T17:32:34.295+0000][gc,cpu        ] GC(5) User=0.00s Sys=0.00s Real=0.00s
[2020-09-25T17:32:34.295+0000][gc,marking    ] GC(5) Concurrent Cleanup for Next Mark
[2020-09-25T17:32:34.306+0000][gc,marking    ] GC(5) Concurrent Cleanup for Next Mark 11.385ms
[2020-09-25T17:32:34.306+0000][gc            ] GC(5) Concurrent Cycle 175.244ms
[2020-09-25T17:32:34.603+0000][gc,start      ] GC(6) Pause Young (Normal) (G1 Evacuation Pause)
[2020-09-25T17:32:34.603+0000][gc,task       ] GC(6) Using 1 workers of 1 for evacuation
[2020-09-25T17:32:34.610+0000][gc,phases     ] GC(6)   Pre Evacuate Collection Set: 0.0ms
[2020-09-25T17:32:34.610+0000][gc,phases     ] GC(6)   Evacuate Collection Set: 6.3ms
[2020-09-25T17:32:34.610+0000][gc,phases     ] GC(6)   Post Evacuate Collection Set: 0.1ms
[2020-09-25T17:32:34.610+0000][gc,phases     ] GC(6)   Other: 0.2ms
[2020-09-25T17:32:34.610+0000][gc,heap       ] GC(6) Eden regions: 13->0(13)
[2020-09-25T17:32:34.610+0000][gc,heap       ] GC(6) Survivor regions: 2->2(2)
[2020-09-25T17:32:34.610+0000][gc,heap       ] GC(6) Old regions: 7->7
[2020-09-25T17:32:34.610+0000][gc,heap       ] GC(6) Humongous regions: 129->129
[2020-09-25T17:32:34.610+0000][gc,metaspace  ] GC(6) Metaspace: 22965K->22965K(1069056K)
[2020-09-25T17:32:34.610+0000][gc            ] GC(6) Pause Young (Normal) (G1 Evacuation Pause) 149M->137M(300M) 6.628ms
[2020-09-25T17:32:34.610+0000][gc,cpu        ] GC(6) User=0.01s Sys=0.00s Real=0.01s
[2020-09-25T17:32:35.235+0000][gc,start      ] GC(7) Pause Young (Concurrent Start) (G1 Evacuation Pause)
[2020-09-25T17:32:35.235+0000][gc,task       ] GC(7) Using 1 workers of 1 for evacuation
[2020-09-25T17:32:35.245+0000][gc,phases     ] GC(7)   Pre Evacuate Collection Set: 0.1ms
[2020-09-25T17:32:35.245+0000][gc,phases     ] GC(7)   Evacuate Collection Set: 9.9ms
[2020-09-25T17:32:35.245+0000][gc,phases     ] GC(7)   Post Evacuate Collection Set: 0.1ms
[2020-09-25T17:32:35.246+0000][gc,phases     ] GC(7)   Other: 0.2ms
[2020-09-25T17:32:35.246+0000][gc,heap       ] GC(7) Eden regions: 13->0(13)
[2020-09-25T17:32:35.246+0000][gc,heap       ] GC(7) Survivor regions: 2->2(2)
[2020-09-25T17:32:35.246+0000][gc,heap       ] GC(7) Old regions: 7->9
[2020-09-25T17:32:35.246+0000][gc,heap       ] GC(7) Humongous regions: 129->129
[2020-09-25T17:32:35.246+0000][gc,metaspace  ] GC(7) Metaspace: 25162K->25162K(1071104K)
[2020-09-25T17:32:35.246+0000][gc            ] GC(7) Pause Young (Concurrent Start) (G1 Evacuation Pause) 150M->139M(300M) 10.364ms
[2020-09-25T17:32:35.246+0000][gc,cpu        ] GC(7) User=0.01s Sys=0.00s Real=0.00s
[2020-09-25T17:32:35.246+0000][gc            ] GC(8) Concurrent Cycle
[2020-09-25T17:32:35.246+0000][gc,marking    ] GC(8) Concurrent Clear Claimed Marks
[2020-09-25T17:32:35.246+0000][gc,marking    ] GC(8) Concurrent Clear Claimed Marks 0.022ms
[2020-09-25T17:32:35.246+0000][gc,marking    ] GC(8) Concurrent Scan Root Regions
[2020-09-25T17:32:35.247+0000][gc,marking    ] GC(8) Concurrent Scan Root Regions 1.200ms
[2020-09-25T17:32:35.247+0000][gc,marking    ] GC(8) Concurrent Mark (4.238s)
[2020-09-25T17:32:35.247+0000][gc,marking    ] GC(8) Concurrent Mark From Roots
[2020-09-25T17:32:35.247+0000][gc,task       ] GC(8) Using 1 workers of 1 for marking
[2020-09-25T17:32:35.278+0000][gc,marking    ] GC(8) Concurrent Mark From Roots 30.812ms
[2020-09-25T17:32:35.278+0000][gc,marking    ] GC(8) Concurrent Preclean
[2020-09-25T17:32:35.278+0000][gc,marking    ] GC(8) Concurrent Preclean 0.055ms
[2020-09-25T17:32:35.278+0000][gc,marking    ] GC(8) Concurrent Mark (4.238s, 4.269s) 30.915ms
[2020-09-25T17:32:35.278+0000][gc,start      ] GC(8) Pause Remark
[2020-09-25T17:32:35.282+0000][gc,stringtable] GC(8) Cleaned string and symbol table, strings: 11318 processed, 4 removed, symbols: 59551 processed, 7 removed
[2020-09-25T17:32:35.282+0000][gc            ] GC(8) Pause Remark 140M->140M(300M) 4.524ms
[2020-09-25T17:32:35.282+0000][gc,cpu        ] GC(8) User=0.00s Sys=0.00s Real=0.00s
[2020-09-25T17:32:35.282+0000][gc,marking    ] GC(8) Concurrent Rebuild Remembered Sets
[2020-09-25T17:32:35.304+0000][gc,marking    ] GC(8) Concurrent Rebuild Remembered Sets 21.635ms
[2020-09-25T17:32:35.306+0000][gc,start      ] GC(8) Pause Cleanup
[2020-09-25T17:32:35.306+0000][gc            ] GC(8) Pause Cleanup 140M->140M(300M) 0.088ms
[2020-09-25T17:32:35.306+0000][gc,cpu        ] GC(8) User=0.00s Sys=0.00s Real=0.00s
[2020-09-25T17:32:35.306+0000][gc,marking    ] GC(8) Concurrent Cleanup for Next Mark
[2020-09-25T17:32:35.327+0000][gc,marking    ] GC(8) Concurrent Cleanup for Next Mark 20.384ms
[2020-09-25T17:32:35.327+0000][gc            ] GC(8) Concurrent Cycle 81.265ms
[2020-09-25T17:32:35.771+0000][gc,start      ] GC(9) Pause Young (Normal) (G1 Evacuation Pause)
[2020-09-25T17:32:35.771+0000][gc,task       ] GC(9) Using 1 workers of 1 for evacuation
[2020-09-25T17:32:35.789+0000][gc,phases     ] GC(9)   Pre Evacuate Collection Set: 0.0ms
[2020-09-25T17:32:35.789+0000][gc,phases     ] GC(9)   Evacuate Collection Set: 17.5ms
[2020-09-25T17:32:35.789+0000][gc,phases     ] GC(9)   Post Evacuate Collection Set: 0.2ms
[2020-09-25T17:32:35.789+0000][gc,phases     ] GC(9)   Other: 0.2ms
[2020-09-25T17:32:35.789+0000][gc,heap       ] GC(9) Eden regions: 13->0(13)
[2020-09-25T17:32:35.789+0000][gc,heap       ] GC(9) Survivor regions: 2->2(2)
[2020-09-25T17:32:35.789+0000][gc,heap       ] GC(9) Old regions: 9->11
[2020-09-25T17:32:35.789+0000][gc,heap       ] GC(9) Humongous regions: 129->129
[2020-09-25T17:32:35.789+0000][gc,metaspace  ] GC(9) Metaspace: 28236K->28236K(1075200K)
[2020-09-25T17:32:35.789+0000][gc            ] GC(9) Pause Young (Normal) (G1 Evacuation Pause) 152M->140M(300M) 17.953ms
[2020-09-25T17:32:35.789+0000][gc,cpu        ] GC(9) User=0.02s Sys=0.00s Real=0.02s
[2020-09-25T17:32:36.251+0000][gc,start      ] GC(10) Pause Young (Concurrent Start) (G1 Evacuation Pause)
[2020-09-25T17:32:36.251+0000][gc,task       ] GC(10) Using 1 workers of 1 for evacuation
[2020-09-25T17:32:36.276+0000][gc,mmu        ] GC(10) MMU target violated: 21.0ms (20.0ms/21.0ms)
[2020-09-25T17:32:36.276+0000][gc,phases     ] GC(10)   Pre Evacuate Collection Set: 0.1ms
[2020-09-25T17:32:36.276+0000][gc,phases     ] GC(10)   Evacuate Collection Set: 23.9ms
[2020-09-25T17:32:36.276+0000][gc,phases     ] GC(10)   Post Evacuate Collection Set: 0.2ms
[2020-09-25T17:32:36.276+0000][gc,phases     ] GC(10)   Other: 0.2ms
[2020-09-25T17:32:36.276+0000][gc,heap       ] GC(10) Eden regions: 13->0(14)
[2020-09-25T17:32:36.276+0000][gc,heap       ] GC(10) Survivor regions: 2->1(2)
[2020-09-25T17:32:36.276+0000][gc,heap       ] GC(10) Old regions: 11->12
[2020-09-25T17:32:36.276+0000][gc,heap       ] GC(10) Humongous regions: 129->129
[2020-09-25T17:32:36.276+0000][gc,metaspace  ] GC(10) Metaspace: 31312K->31312K(1077248K)
[2020-09-25T17:32:36.276+0000][gc            ] GC(10) Pause Young (Concurrent Start) (G1 Evacuation Pause) 153M->141M(300M) 24.425ms
[2020-09-25T17:32:36.276+0000][gc,cpu        ] GC(10) User=0.02s Sys=0.00s Real=0.03s
[2020-09-25T17:32:36.276+0000][gc            ] GC(11) Concurrent Cycle
[2020-09-25T17:32:36.276+0000][gc,marking    ] GC(11) Concurrent Clear Claimed Marks
[2020-09-25T17:32:36.276+0000][gc,marking    ] GC(11) Concurrent Clear Claimed Marks 0.065ms
[2020-09-25T17:32:36.276+0000][gc,marking    ] GC(11) Concurrent Scan Root Regions
[2020-09-25T17:32:36.278+0000][gc,marking    ] GC(11) Concurrent Scan Root Regions 1.842ms
[2020-09-25T17:32:36.278+0000][gc,marking    ] GC(11) Concurrent Mark (5.269s)
[2020-09-25T17:32:36.278+0000][gc,marking    ] GC(11) Concurrent Mark From Roots
[2020-09-25T17:32:36.278+0000][gc,task       ] GC(11) Using 1 workers of 1 for marking
[2020-09-25T17:32:36.343+0000][gc,marking    ] GC(11) Concurrent Mark From Roots 65.666ms
[2020-09-25T17:32:36.343+0000][gc,marking    ] GC(11) Concurrent Preclean
[2020-09-25T17:32:36.344+0000][gc,marking    ] GC(11) Concurrent Preclean 0.063ms
[2020-09-25T17:32:36.344+0000][gc,marking    ] GC(11) Concurrent Mark (5.269s, 5.334s) 65.782ms
[2020-09-25T17:32:36.344+0000][gc,start      ] GC(11) Pause Remark
[2020-09-25T17:32:36.350+0000][gc,stringtable] GC(11) Cleaned string and symbol table, strings: 14280 processed, 3 removed, symbols: 74661 processed, 19 removed
[2020-09-25T17:32:36.355+0000][gc            ] GC(11) Pause Remark 142M->142M(300M) 11.077ms
[2020-09-25T17:32:36.355+0000][gc,cpu        ] GC(11) User=0.01s Sys=0.00s Real=0.02s
[2020-09-25T17:32:36.355+0000][gc,marking    ] GC(11) Concurrent Rebuild Remembered Sets
[2020-09-25T17:32:36.370+0000][gc,marking    ] GC(11) Concurrent Rebuild Remembered Sets 14.636ms
[2020-09-25T17:32:36.370+0000][gc,start      ] GC(11) Pause Cleanup
[2020-09-25T17:32:36.370+0000][gc            ] GC(11) Pause Cleanup 142M->142M(300M) 0.086ms
[2020-09-25T17:32:36.370+0000][gc,cpu        ] GC(11) User=0.00s Sys=0.00s Real=0.00s
[2020-09-25T17:32:36.370+0000][gc,marking    ] GC(11) Concurrent Cleanup for Next Mark
[2020-09-25T17:32:36.371+0000][gc,marking    ] GC(11) Concurrent Cleanup for Next Mark 1.690ms
[2020-09-25T17:32:36.372+0000][gc            ] GC(11) Concurrent Cycle 95.677ms
[2020-09-25T17:36:31.550+0000][gc,start      ] GC(12) Pause Young (Normal) (G1 Evacuation Pause)
[2020-09-25T17:36:31.553+0000][gc,task       ] GC(12) Using 1 workers of 1 for evacuation
[2020-09-25T17:36:31.565+0000][gc,phases     ] GC(12)   Pre Evacuate Collection Set: 0.0ms
[2020-09-25T17:36:31.565+0000][gc,phases     ] GC(12)   Evacuate Collection Set: 7.8ms
[2020-09-25T17:36:31.565+0000][gc,phases     ] GC(12)   Post Evacuate Collection Set: 3.9ms
[2020-09-25T17:36:31.565+0000][gc,phases     ] GC(12)   Other: 4.5ms
[2020-09-25T17:36:31.565+0000][gc,heap       ] GC(12) Eden regions: 14->0(13)
[2020-09-25T17:36:31.565+0000][gc,heap       ] GC(12) Survivor regions: 1->2(2)
[2020-09-25T17:36:31.565+0000][gc,heap       ] GC(12) Old regions: 12->12
[2020-09-25T17:36:31.565+0000][gc,heap       ] GC(12) Humongous regions: 129->129
[2020-09-25T17:36:31.565+0000][gc,metaspace  ] GC(12) Metaspace: 34145K->34145K(1079296K)
[2020-09-25T17:36:31.565+0000][gc            ] GC(12) Pause Young (Normal) (G1 Evacuation Pause) 155M->142M(300M) 14.729ms
[2020-09-25T17:36:31.565+0000][gc,cpu        ] GC(12) User=0.01s Sys=0.00s Real=0.01s
[2020-09-25T17:37:17.823+0000][gc,start      ] GC(13) Pause Young (Concurrent Start) (G1 Evacuation Pause)
[2020-09-25T17:37:17.823+0000][gc,task       ] GC(13) Using 1 workers of 1 for evacuation
[2020-09-25T17:37:17.832+0000][gc,phases     ] GC(13)   Pre Evacuate Collection Set: 0.1ms
[2020-09-25T17:37:17.832+0000][gc,phases     ] GC(13)   Evacuate Collection Set: 8.6ms
[2020-09-25T17:37:17.832+0000][gc,phases     ] GC(13)   Post Evacuate Collection Set: 0.2ms
[2020-09-25T17:37:17.832+0000][gc,phases     ] GC(13)   Other: 0.2ms
[2020-09-25T17:37:17.832+0000][gc,heap       ] GC(13) Eden regions: 13->0(13)
[2020-09-25T17:37:17.832+0000][gc,heap       ] GC(13) Survivor regions: 2->2(2)
[2020-09-25T17:37:17.832+0000][gc,heap       ] GC(13) Old regions: 12->13
[2020-09-25T17:37:17.832+0000][gc,heap       ] GC(13) Humongous regions: 129->129
[2020-09-25T17:37:17.832+0000][gc,metaspace  ] GC(13) Metaspace: 35793K->35793K(1081344K)
[2020-09-25T17:37:17.832+0000][gc            ] GC(13) Pause Young (Concurrent Start) (G1 Evacuation Pause) 155M->142M(300M) 9.236ms
[2020-09-25T17:37:17.832+0000][gc,cpu        ] GC(13) User=0.01s Sys=0.00s Real=0.01s
[2020-09-25T17:37:17.832+0000][gc            ] GC(14) Concurrent Cycle
[2020-09-25T17:37:17.832+0000][gc,marking    ] GC(14) Concurrent Clear Claimed Marks
[2020-09-25T17:37:17.832+0000][gc,marking    ] GC(14) Concurrent Clear Claimed Marks 0.042ms
[2020-09-25T17:37:17.832+0000][gc,marking    ] GC(14) Concurrent Scan Root Regions
[2020-09-25T17:37:17.834+0000][gc,marking    ] GC(14) Concurrent Scan Root Regions 1.297ms
[2020-09-25T17:37:17.834+0000][gc,marking    ] GC(14) Concurrent Mark (286.825s)
[2020-09-25T17:37:17.834+0000][gc,marking    ] GC(14) Concurrent Mark From Roots
[2020-09-25T17:37:17.834+0000][gc,task       ] GC(14) Using 1 workers of 1 for marking
[2020-09-25T17:37:17.868+0000][gc,marking    ] GC(14) Concurrent Mark From Roots 34.425ms
[2020-09-25T17:37:17.868+0000][gc,marking    ] GC(14) Concurrent Preclean
[2020-09-25T17:37:17.868+0000][gc,marking    ] GC(14) Concurrent Preclean 0.159ms
[2020-09-25T17:37:17.868+0000][gc,marking    ] GC(14) Concurrent Mark (286.825s, 286.859s) 34.650ms
[2020-09-25T17:37:17.868+0000][gc,start      ] GC(14) Pause Remark
[2020-09-25T17:37:17.885+0000][gc,stringtable] GC(14) Cleaned string and symbol table, strings: 14939 processed, 299 removed, symbols: 79488 processed, 9 removed
[2020-09-25T17:37:17.885+0000][gc            ] GC(14) Pause Remark 142M->142M(300M) 16.904ms
[2020-09-25T17:37:17.885+0000][gc,cpu        ] GC(14) User=0.01s Sys=0.00s Real=0.01s
[2020-09-25T17:37:17.887+0000][gc,marking    ] GC(14) Concurrent Rebuild Remembered Sets
[2020-09-25T17:37:17.898+0000][gc,marking    ] GC(14) Concurrent Rebuild Remembered Sets 11.182ms
[2020-09-25T17:37:17.898+0000][gc,start      ] GC(14) Pause Cleanup
[2020-09-25T17:37:17.898+0000][gc            ] GC(14) Pause Cleanup 142M->142M(300M) 0.073ms
[2020-09-25T17:37:17.898+0000][gc,cpu        ] GC(14) User=0.00s Sys=0.00s Real=0.00s
[2020-09-25T17:37:17.898+0000][gc,marking    ] GC(14) Concurrent Cleanup for Next Mark
[2020-09-25T17:37:17.899+0000][gc,marking    ] GC(14) Concurrent Cleanup for Next Mark 0.813ms
[2020-09-25T17:37:17.899+0000][gc            ] GC(14) Concurrent Cycle 66.511ms
[2020-09-25T17:43:30.201+0000][gc,start      ] GC(15) Pause Young (Normal) (G1 Evacuation Pause)
[2020-09-25T17:43:30.202+0000][gc,task       ] GC(15) Using 1 workers of 1 for evacuation
[2020-09-25T17:43:30.211+0000][gc,phases     ] GC(15)   Pre Evacuate Collection Set: 0.0ms
[2020-09-25T17:43:30.211+0000][gc,phases     ] GC(15)   Evacuate Collection Set: 8.7ms
[2020-09-25T17:43:30.211+0000][gc,phases     ] GC(15)   Post Evacuate Collection Set: 0.2ms
[2020-09-25T17:43:30.211+0000][gc,phases     ] GC(15)   Other: 0.7ms
[2020-09-25T17:43:30.211+0000][gc,heap       ] GC(15) Eden regions: 13->0(14)
[2020-09-25T17:43:30.211+0000][gc,heap       ] GC(15) Survivor regions: 2->1(2)
[2020-09-25T17:43:30.211+0000][gc,heap       ] GC(15) Old regions: 13->13
[2020-09-25T17:43:30.211+0000][gc,heap       ] GC(15) Humongous regions: 129->129
[2020-09-25T17:43:30.211+0000][gc,metaspace  ] GC(15) Metaspace: 36116K->36116K(1081344K)
[2020-09-25T17:43:30.211+0000][gc            ] GC(15) Pause Young (Normal) (G1 Evacuation Pause) 155M->142M(300M) 9.695ms
[2020-09-25T17:43:30.211+0000][gc,cpu        ] GC(15) User=0.01s Sys=0.00s Real=0.01s
[2020-09-25T17:43:31.469+0000][gc,start      ] GC(16) Pause Young (Concurrent Start) (G1 Evacuation Pause)
[2020-09-25T17:43:31.469+0000][gc,task       ] GC(16) Using 1 workers of 1 for evacuation
[2020-09-25T17:43:31.492+0000][gc,mmu        ] GC(16) MMU target violated: 21.0ms (20.0ms/21.0ms)
[2020-09-25T17:43:31.492+0000][gc,phases     ] GC(16)   Pre Evacuate Collection Set: 0.1ms
[2020-09-25T17:43:31.492+0000][gc,phases     ] GC(16)   Evacuate Collection Set: 14.8ms
[2020-09-25T17:43:31.492+0000][gc,phases     ] GC(16)   Post Evacuate Collection Set: 8.3ms
[2020-09-25T17:43:31.492+0000][gc,phases     ] GC(16)   Other: 0.3ms
[2020-09-25T17:43:31.492+0000][gc,heap       ] GC(16) Eden regions: 14->0(13)
[2020-09-25T17:43:31.492+0000][gc,heap       ] GC(16) Survivor regions: 1->2(2)
[2020-09-25T17:43:31.492+0000][gc,heap       ] GC(16) Old regions: 13->13
[2020-09-25T17:43:31.492+0000][gc,heap       ] GC(16) Humongous regions: 129->129
[2020-09-25T17:43:31.492+0000][gc,metaspace  ] GC(16) Metaspace: 36414K->36414K(1081344K)
[2020-09-25T17:43:31.492+0000][gc            ] GC(16) Pause Young (Concurrent Start) (G1 Evacuation Pause) 156M->143M(300M) 23.616ms
[2020-09-25T17:43:31.492+0000][gc,cpu        ] GC(16) User=0.01s Sys=0.00s Real=0.02s
[2020-09-25T17:43:31.492+0000][gc            ] GC(17) Concurrent Cycle
[2020-09-25T17:43:31.492+0000][gc,marking    ] GC(17) Concurrent Clear Claimed Marks
[2020-09-25T17:43:31.493+0000][gc,marking    ] GC(17) Concurrent Clear Claimed Marks 0.115ms
[2020-09-25T17:43:31.493+0000][gc,marking    ] GC(17) Concurrent Scan Root Regions
[2020-09-25T17:43:31.497+0000][gc,marking    ] GC(17) Concurrent Scan Root Regions 4.668ms
[2020-09-25T17:43:31.497+0000][gc,marking    ] GC(17) Concurrent Mark (660.488s)
[2020-09-25T17:43:31.497+0000][gc,marking    ] GC(17) Concurrent Mark From Roots
[2020-09-25T17:43:31.497+0000][gc,task       ] GC(17) Using 1 workers of 1 for marking
[2020-09-25T17:43:31.759+0000][gc,marking    ] GC(17) Concurrent Mark From Roots 262.015ms
[2020-09-25T17:43:31.759+0000][gc,marking    ] GC(17) Concurrent Preclean
[2020-09-25T17:43:31.759+0000][gc,marking    ] GC(17) Concurrent Preclean 0.075ms
[2020-09-25T17:43:31.759+0000][gc,marking    ] GC(17) Concurrent Mark (660.488s, 660.750s) 262.149ms
[2020-09-25T17:43:31.760+0000][gc,start      ] GC(17) Pause Remark
[2020-09-25T17:43:31.801+0000][gc,stringtable] GC(17) Cleaned string and symbol table, strings: 15450 processed, 14 removed, symbols: 79644 processed, 14 removed
[2020-09-25T17:43:31.807+0000][gc,mmu        ] GC(17) MMU target violated: 21.0ms (20.0ms/21.0ms)
[2020-09-25T17:43:31.807+0000][gc            ] GC(17) Pause Remark 146M->146M(300M) 47.163ms
[2020-09-25T17:43:31.807+0000][gc,cpu        ] GC(17) User=0.02s Sys=0.00s Real=0.05s
[2020-09-25T17:43:31.811+0000][gc,marking    ] GC(17) Concurrent Rebuild Remembered Sets
[2020-09-25T17:43:31.929+0000][gc,marking    ] GC(17) Concurrent Rebuild Remembered Sets 118.353ms
[2020-09-25T17:43:31.929+0000][gc,start      ] GC(17) Pause Cleanup
[2020-09-25T17:43:31.929+0000][gc            ] GC(17) Pause Cleanup 147M->147M(300M) 0.094ms
[2020-09-25T17:43:31.929+0000][gc,cpu        ] GC(17) User=0.00s Sys=0.00s Real=0.00s
[2020-09-25T17:43:31.929+0000][gc,marking    ] GC(17) Concurrent Cleanup for Next Mark
[2020-09-25T17:43:31.976+0000][gc,marking    ] GC(17) Concurrent Cleanup for Next Mark 46.398ms
[2020-09-25T17:43:31.976+0000][gc            ] GC(17) Concurrent Cycle 483.402ms
[2020-09-25T17:43:32.749+0000][gc,start      ] GC(18) Pause Young (Normal) (G1 Evacuation Pause)
[2020-09-25T17:43:32.749+0000][gc,task       ] GC(18) Using 1 workers of 1 for evacuation
[2020-09-25T17:43:32.778+0000][gc,mmu        ] GC(18) MMU target violated: 21.0ms (20.0ms/21.0ms)
[2020-09-25T17:43:32.778+0000][gc,phases     ] GC(18)   Pre Evacuate Collection Set: 0.0ms
[2020-09-25T17:43:32.778+0000][gc,phases     ] GC(18)   Evacuate Collection Set: 20.5ms
[2020-09-25T17:43:32.778+0000][gc,phases     ] GC(18)   Post Evacuate Collection Set: 8.6ms
[2020-09-25T17:43:32.778+0000][gc,phases     ] GC(18)   Other: 0.2ms
[2020-09-25T17:43:32.778+0000][gc,heap       ] GC(18) Eden regions: 13->0(13)
[2020-09-25T17:43:32.778+0000][gc,heap       ] GC(18) Survivor regions: 2->2(2)
[2020-09-25T17:43:32.778+0000][gc,heap       ] GC(18) Old regions: 13->14
[2020-09-25T17:43:32.778+0000][gc,heap       ] GC(18) Humongous regions: 129->129
[2020-09-25T17:43:32.778+0000][gc,metaspace  ] GC(18) Metaspace: 36624K->36624K(1083392K)
[2020-09-25T17:43:32.778+0000][gc            ] GC(18) Pause Young (Normal) (G1 Evacuation Pause) 156M->144M(300M) 29.426ms
[2020-09-25T17:43:32.778+0000][gc,cpu        ] GC(18) User=0.01s Sys=0.00s Real=0.03s
[2020-09-25T17:43:33.751+0000][gc,start      ] GC(19) Pause Young (Concurrent Start) (G1 Evacuation Pause)
[2020-09-25T17:43:33.751+0000][gc,task       ] GC(19) Using 1 workers of 1 for evacuation
[2020-09-25T17:43:33.783+0000][gc,mmu        ] GC(19) MMU target violated: 21.0ms (20.0ms/21.0ms)
[2020-09-25T17:43:33.783+0000][gc,phases     ] GC(19)   Pre Evacuate Collection Set: 0.1ms
[2020-09-25T17:43:33.783+0000][gc,phases     ] GC(19)   Evacuate Collection Set: 14.0ms
[2020-09-25T17:43:33.783+0000][gc,phases     ] GC(19)   Post Evacuate Collection Set: 18.1ms
[2020-09-25T17:43:33.783+0000][gc,phases     ] GC(19)   Other: 0.3ms
[2020-09-25T17:43:33.783+0000][gc,heap       ] GC(19) Eden regions: 13->0(14)
[2020-09-25T17:43:33.783+0000][gc,heap       ] GC(19) Survivor regions: 2->1(2)
[2020-09-25T17:43:33.783+0000][gc,heap       ] GC(19) Old regions: 14->15
[2020-09-25T17:43:33.783+0000][gc,heap       ] GC(19) Humongous regions: 129->129
[2020-09-25T17:43:33.783+0000][gc,metaspace  ] GC(19) Metaspace: 36885K->36885K(1083392K)
[2020-09-25T17:43:33.783+0000][gc            ] GC(19) Pause Young (Concurrent Start) (G1 Evacuation Pause) 157M->144M(300M) 32.520ms
[2020-09-25T17:43:33.783+0000][gc,cpu        ] GC(19) User=0.01s Sys=0.00s Real=0.03s
[2020-09-25T17:43:33.783+0000][gc            ] GC(20) Concurrent Cycle
[2020-09-25T17:43:33.783+0000][gc,marking    ] GC(20) Concurrent Clear Claimed Marks
[2020-09-25T17:43:33.783+0000][gc,marking    ] GC(20) Concurrent Clear Claimed Marks 0.098ms
[2020-09-25T17:43:33.783+0000][gc,marking    ] GC(20) Concurrent Scan Root Regions
[2020-09-25T17:43:33.784+0000][gc,marking    ] GC(20) Concurrent Scan Root Regions 0.910ms
[2020-09-25T17:43:33.784+0000][gc,marking    ] GC(20) Concurrent Mark (662.775s)
[2020-09-25T17:43:33.784+0000][gc,marking    ] GC(20) Concurrent Mark From Roots
[2020-09-25T17:43:33.784+0000][gc,task       ] GC(20) Using 1 workers of 1 for marking
[2020-09-25T17:43:33.941+0000][gc,marking    ] GC(20) Concurrent Mark From Roots 156.185ms
[2020-09-25T17:43:33.941+0000][gc,marking    ] GC(20) Concurrent Preclean
[2020-09-25T17:43:33.941+0000][gc,marking    ] GC(20) Concurrent Preclean 0.078ms
[2020-09-25T17:43:33.941+0000][gc,marking    ] GC(20) Concurrent Mark (662.775s, 662.932s) 156.329ms
[2020-09-25T17:43:33.945+0000][gc,start      ] GC(20) Pause Remark
[2020-09-25T17:43:33.993+0000][gc,stringtable] GC(20) Cleaned string and symbol table, strings: 15713 processed, 0 removed, symbols: 79808 processed, 1 removed
[2020-09-25T17:43:33.998+0000][gc,mmu        ] GC(20) MMU target violated: 21.0ms (20.0ms/21.0ms)
[2020-09-25T17:43:33.998+0000][gc            ] GC(20) Pause Remark 146M->146M(300M) 53.253ms
[2020-09-25T17:43:33.998+0000][gc,cpu        ] GC(20) User=0.01s Sys=0.00s Real=0.06s
[2020-09-25T17:43:33.998+0000][gc,marking    ] GC(20) Concurrent Rebuild Remembered Sets
[2020-09-25T17:43:34.078+0000][gc,marking    ] GC(20) Concurrent Rebuild Remembered Sets 79.473ms
[2020-09-25T17:43:34.088+0000][gc,start      ] GC(20) Pause Cleanup
[2020-09-25T17:43:34.088+0000][gc            ] GC(20) Pause Cleanup 147M->147M(300M) 0.127ms
[2020-09-25T17:43:34.088+0000][gc,cpu        ] GC(20) User=0.00s Sys=0.00s Real=0.00s
[2020-09-25T17:43:34.088+0000][gc,marking    ] GC(20) Concurrent Cleanup for Next Mark
[2020-09-25T17:43:34.089+0000][gc,marking    ] GC(20) Concurrent Cleanup for Next Mark 0.896ms
[2020-09-25T17:43:34.089+0000][gc            ] GC(20) Concurrent Cycle 305.833ms
[2020-09-25T17:44:56.574+0000][gc,start      ] GC(21) Pause Young (Normal) (G1 Evacuation Pause)
[2020-09-25T17:44:56.575+0000][gc,task       ] GC(21) Using 1 workers of 1 for evacuation
[2020-09-25T17:44:56.584+0000][gc,phases     ] GC(21)   Pre Evacuate Collection Set: 0.0ms
[2020-09-25T17:44:56.584+0000][gc,phases     ] GC(21)   Evacuate Collection Set: 8.7ms
[2020-09-25T17:44:56.584+0000][gc,phases     ] GC(21)   Post Evacuate Collection Set: 0.2ms
[2020-09-25T17:44:56.584+0000][gc,phases     ] GC(21)   Other: 0.2ms
[2020-09-25T17:44:56.584+0000][gc,heap       ] GC(21) Eden regions: 14->0(13)
[2020-09-25T17:44:56.584+0000][gc,heap       ] GC(21) Survivor regions: 1->2(2)
[2020-09-25T17:44:56.584+0000][gc,heap       ] GC(21) Old regions: 15->15
[2020-09-25T17:44:56.584+0000][gc,heap       ] GC(21) Humongous regions: 129->129
[2020-09-25T17:44:56.584+0000][gc,metaspace  ] GC(21) Metaspace: 38316K->38316K(1083392K)
[2020-09-25T17:44:56.584+0000][gc            ] GC(21) Pause Young (Normal) (G1 Evacuation Pause) 158M->145M(300M) 9.190ms
[2020-09-25T17:44:56.584+0000][gc,cpu        ] GC(21) User=0.01s Sys=0.00s Real=0.01s
[2020-09-25T17:47:14.594+0000][gc,start      ] GC(22) Pause Young (Concurrent Start) (G1 Evacuation Pause)
[2020-09-25T17:47:14.594+0000][gc,task       ] GC(22) Using 1 workers of 1 for evacuation
[2020-09-25T17:47:14.611+0000][gc,phases     ] GC(22)   Pre Evacuate Collection Set: 0.1ms
[2020-09-25T17:47:14.611+0000][gc,phases     ] GC(22)   Evacuate Collection Set: 16.4ms
[2020-09-25T17:47:14.611+0000][gc,phases     ] GC(22)   Post Evacuate Collection Set: 0.7ms
[2020-09-25T17:47:14.611+0000][gc,phases     ] GC(22)   Other: 0.2ms
[2020-09-25T17:47:14.611+0000][gc,heap       ] GC(22) Eden regions: 13->0(14)
[2020-09-25T17:47:14.611+0000][gc,heap       ] GC(22) Survivor regions: 2->1(2)
[2020-09-25T17:47:14.611+0000][gc,heap       ] GC(22) Old regions: 15->17
[2020-09-25T17:47:14.611+0000][gc,heap       ] GC(22) Humongous regions: 129->129
[2020-09-25T17:47:14.611+0000][gc,metaspace  ] GC(22) Metaspace: 38592K->38592K(1083392K)
[2020-09-25T17:47:14.611+0000][gc            ] GC(22) Pause Young (Concurrent Start) (G1 Evacuation Pause) 158M->146M(300M) 17.544ms
[2020-09-25T17:47:14.611+0000][gc,cpu        ] GC(22) User=0.01s Sys=0.00s Real=0.02s
[2020-09-25T17:47:14.611+0000][gc            ] GC(23) Concurrent Cycle
[2020-09-25T17:47:14.611+0000][gc,marking    ] GC(23) Concurrent Clear Claimed Marks
[2020-09-25T17:47:14.612+0000][gc,marking    ] GC(23) Concurrent Clear Claimed Marks 0.136ms
[2020-09-25T17:47:14.612+0000][gc,marking    ] GC(23) Concurrent Scan Root Regions
[2020-09-25T17:47:14.614+0000][gc,marking    ] GC(23) Concurrent Scan Root Regions 2.644ms
[2020-09-25T17:47:14.614+0000][gc,marking    ] GC(23) Concurrent Mark (883.605s)
[2020-09-25T17:47:14.614+0000][gc,marking    ] GC(23) Concurrent Mark From Roots
[2020-09-25T17:47:14.614+0000][gc,task       ] GC(23) Using 1 workers of 1 for marking
[2020-09-25T17:47:14.645+0000][gc,marking    ] GC(23) Concurrent Mark From Roots 30.438ms
[2020-09-25T17:47:14.645+0000][gc,marking    ] GC(23) Concurrent Preclean
[2020-09-25T17:47:14.645+0000][gc,marking    ] GC(23) Concurrent Preclean 0.090ms
[2020-09-25T17:47:14.645+0000][gc,marking    ] GC(23) Concurrent Mark (883.605s, 883.636s) 30.597ms
[2020-09-25T17:47:14.645+0000][gc,start      ] GC(23) Pause Remark
[2020-09-25T17:47:14.662+0000][gc,stringtable] GC(23) Cleaned string and symbol table, strings: 16292 processed, 0 removed, symbols: 80882 processed, 5 removed
[2020-09-25T17:47:14.662+0000][gc            ] GC(23) Pause Remark 146M->146M(300M) 17.041ms
[2020-09-25T17:47:14.662+0000][gc,cpu        ] GC(23) User=0.01s Sys=0.00s Real=0.02s
[2020-09-25T17:47:14.662+0000][gc,marking    ] GC(23) Concurrent Rebuild Remembered Sets
[2020-09-25T17:47:14.677+0000][gc,marking    ] GC(23) Concurrent Rebuild Remembered Sets 15.314ms
[2020-09-25T17:47:14.678+0000][gc,start      ] GC(23) Pause Cleanup
[2020-09-25T17:47:14.678+0000][gc            ] GC(23) Pause Cleanup 146M->146M(300M) 0.084ms
[2020-09-25T17:47:14.678+0000][gc,cpu        ] GC(23) User=0.00s Sys=0.00s Real=0.00s
[2020-09-25T17:47:14.678+0000][gc,marking    ] GC(23) Concurrent Cleanup for Next Mark
[2020-09-25T17:47:14.679+0000][gc,marking    ] GC(23) Concurrent Cleanup for Next Mark 0.835ms
[2020-09-25T17:47:14.679+0000][gc            ] GC(23) Concurrent Cycle 67.295ms
[2020-09-25T17:49:36.772+0000][gc,start      ] GC(24) Pause Young (Normal) (G1 Evacuation Pause)
[2020-09-25T17:49:36.772+0000][gc,task       ] GC(24) Using 1 workers of 1 for evacuation
[2020-09-25T17:49:36.782+0000][gc,phases     ] GC(24)   Pre Evacuate Collection Set: 0.0ms
[2020-09-25T17:49:36.782+0000][gc,phases     ] GC(24)   Evacuate Collection Set: 6.7ms
[2020-09-25T17:49:36.782+0000][gc,phases     ] GC(24)   Post Evacuate Collection Set: 3.5ms
[2020-09-25T17:49:36.782+0000][gc,phases     ] GC(24)   Other: 0.2ms
[2020-09-25T17:49:36.782+0000][gc,heap       ] GC(24) Eden regions: 14->0(13)
[2020-09-25T17:49:36.782+0000][gc,heap       ] GC(24) Survivor regions: 1->2(2)
[2020-09-25T17:49:36.782+0000][gc,heap       ] GC(24) Old regions: 17->17
[2020-09-25T17:49:36.782+0000][gc,heap       ] GC(24) Humongous regions: 129->129
[2020-09-25T17:49:36.782+0000][gc,metaspace  ] GC(24) Metaspace: 38691K->38691K(1083392K)
[2020-09-25T17:49:36.782+0000][gc            ] GC(24) Pause Young (Normal) (G1 Evacuation Pause) 160M->146M(300M) 10.562ms
[2020-09-25T17:49:36.782+0000][gc,cpu        ] GC(24) User=0.01s Sys=0.00s Real=0.01s
[2020-09-25T17:52:03.928+0000][gc,start      ] GC(25) Pause Young (Concurrent Start) (G1 Evacuation Pause)
[2020-09-25T17:52:03.928+0000][gc,task       ] GC(25) Using 1 workers of 1 for evacuation
[2020-09-25T17:52:03.944+0000][gc,phases     ] GC(25)   Pre Evacuate Collection Set: 0.1ms
[2020-09-25T17:52:03.944+0000][gc,phases     ] GC(25)   Evacuate Collection Set: 14.6ms
[2020-09-25T17:52:03.944+0000][gc,phases     ] GC(25)   Post Evacuate Collection Set: 0.7ms
[2020-09-25T17:52:03.944+0000][gc,phases     ] GC(25)   Other: 0.2ms
[2020-09-25T17:52:03.944+0000][gc,heap       ] GC(25) Eden regions: 13->0(13)
[2020-09-25T17:52:03.944+0000][gc,heap       ] GC(25) Survivor regions: 2->2(2)
[2020-09-25T17:52:03.944+0000][gc,heap       ] GC(25) Old regions: 17->17
[2020-09-25T17:52:03.944+0000][gc,heap       ] GC(25) Humongous regions: 129->129
[2020-09-25T17:52:03.944+0000][gc,metaspace  ] GC(25) Metaspace: 38751K->38751K(1083392K)
[2020-09-25T17:52:03.944+0000][gc            ] GC(25) Pause Young (Concurrent Start) (G1 Evacuation Pause) 159M->147M(300M) 15.752ms
[2020-09-25T17:52:03.944+0000][gc,cpu        ] GC(25) User=0.01s Sys=0.00s Real=0.01s
[2020-09-25T17:52:03.944+0000][gc            ] GC(26) Concurrent Cycle
[2020-09-25T17:52:03.944+0000][gc,marking    ] GC(26) Concurrent Clear Claimed Marks
[2020-09-25T17:52:03.944+0000][gc,marking    ] GC(26) Concurrent Clear Claimed Marks 0.061ms
[2020-09-25T17:52:03.944+0000][gc,marking    ] GC(26) Concurrent Scan Root Regions
[2020-09-25T17:52:03.946+0000][gc,marking    ] GC(26) Concurrent Scan Root Regions 2.033ms
[2020-09-25T17:52:03.946+0000][gc,marking    ] GC(26) Concurrent Mark (1172.937s)
[2020-09-25T17:52:03.946+0000][gc,marking    ] GC(26) Concurrent Mark From Roots
[2020-09-25T17:52:03.946+0000][gc,task       ] GC(26) Using 1 workers of 1 for marking
[2020-09-25T17:52:03.978+0000][gc,marking    ] GC(26) Concurrent Mark From Roots 31.627ms
[2020-09-25T17:52:03.978+0000][gc,marking    ] GC(26) Concurrent Preclean
[2020-09-25T17:52:03.978+0000][gc,marking    ] GC(26) Concurrent Preclean 0.077ms
[2020-09-25T17:52:03.978+0000][gc,marking    ] GC(26) Concurrent Mark (1172.937s, 1172.969s) 31.771ms
[2020-09-25T17:52:03.978+0000][gc,start      ] GC(26) Pause Remark
[2020-09-25T17:52:03.996+0000][gc,stringtable] GC(26) Cleaned string and symbol table, strings: 16403 processed, 4 removed, symbols: 80899 processed, 0 removed
[2020-09-25T17:52:03.996+0000][gc            ] GC(26) Pause Remark 147M->147M(300M) 17.592ms
[2020-09-25T17:52:03.996+0000][gc,cpu        ] GC(26) User=0.01s Sys=0.00s Real=0.02s
[2020-09-25T17:52:03.996+0000][gc,marking    ] GC(26) Concurrent Rebuild Remembered Sets
[2020-09-25T17:52:04.011+0000][gc,marking    ] GC(26) Concurrent Rebuild Remembered Sets 15.570ms
[2020-09-25T17:52:04.012+0000][gc,start      ] GC(26) Pause Cleanup
[2020-09-25T17:52:04.012+0000][gc            ] GC(26) Pause Cleanup 147M->147M(300M) 0.089ms
[2020-09-25T17:52:04.012+0000][gc,cpu        ] GC(26) User=0.00s Sys=0.00s Real=0.00s
[2020-09-25T17:52:04.012+0000][gc,marking    ] GC(26) Concurrent Cleanup for Next Mark
[2020-09-25T17:52:04.013+0000][gc,marking    ] GC(26) Concurrent Cleanup for Next Mark 0.767ms
[2020-09-25T17:52:04.013+0000][gc            ] GC(26) Concurrent Cycle 68.408ms
[2020-09-25T17:54:39.676+0000][gc,start      ] GC(27) Pause Young (Normal) (G1 Evacuation Pause)
[2020-09-25T17:54:39.676+0000][gc,task       ] GC(27) Using 1 workers of 1 for evacuation
[2020-09-25T17:54:39.687+0000][gc,phases     ] GC(27)   Pre Evacuate Collection Set: 0.0ms
[2020-09-25T17:54:39.687+0000][gc,phases     ] GC(27)   Evacuate Collection Set: 10.6ms
[2020-09-25T17:54:39.687+0000][gc,phases     ] GC(27)   Post Evacuate Collection Set: 0.2ms
[2020-09-25T17:54:39.687+0000][gc,phases     ] GC(27)   Other: 0.2ms
[2020-09-25T17:54:39.687+0000][gc,heap       ] GC(27) Eden regions: 13->0(14)
[2020-09-25T17:54:39.687+0000][gc,heap       ] GC(27) Survivor regions: 2->2(2)
[2020-09-25T17:54:39.687+0000][gc,heap       ] GC(27) Old regions: 17->18
[2020-09-25T17:54:39.687+0000][gc,heap       ] GC(27) Humongous regions: 129->129
[2020-09-25T17:54:39.687+0000][gc,metaspace  ] GC(27) Metaspace: 38912K->38912K(1085440K)
[2020-09-25T17:54:39.687+0000][gc            ] GC(27) Pause Young (Normal) (G1 Evacuation Pause) 160M->148M(300M) 11.055ms
[2020-09-25T17:54:39.687+0000][gc,cpu        ] GC(27) User=0.01s Sys=0.00s Real=0.01s
[2020-09-25T17:58:01.574+0000][gc,start      ] GC(28) Pause Young (Concurrent Start) (G1 Evacuation Pause)
[2020-09-25T17:58:01.575+0000][gc,task       ] GC(28) Using 1 workers of 1 for evacuation
[2020-09-25T17:58:01.586+0000][gc,phases     ] GC(28)   Pre Evacuate Collection Set: 0.2ms
[2020-09-25T17:58:01.586+0000][gc,phases     ] GC(28)   Evacuate Collection Set: 10.9ms
[2020-09-25T17:58:01.586+0000][gc,phases     ] GC(28)   Post Evacuate Collection Set: 0.2ms
[2020-09-25T17:58:01.586+0000][gc,phases     ] GC(28)   Other: 0.7ms
[2020-09-25T17:58:01.586+0000][gc,heap       ] GC(28) Eden regions: 13->0(14)
[2020-09-25T17:58:01.586+0000][gc,heap       ] GC(28) Survivor regions: 2->1(2)
[2020-09-25T17:58:01.586+0000][gc,heap       ] GC(28) Old regions: 18->19
[2020-09-25T17:58:01.586+0000][gc,heap       ] GC(28) Humongous regions: 129->129
[2020-09-25T17:58:01.586+0000][gc,metaspace  ] GC(28) Metaspace: 38935K->38935K(1085440K)
[2020-09-25T17:58:01.586+0000][gc            ] GC(28) Pause Young (Concurrent Start) (G1 Evacuation Pause) 161M->148M(300M) 12.115ms
[2020-09-25T17:58:01.586+0000][gc,cpu        ] GC(28) User=0.01s Sys=0.00s Real=0.01s
[2020-09-25T17:58:01.586+0000][gc            ] GC(29) Concurrent Cycle
[2020-09-25T17:58:01.586+0000][gc,marking    ] GC(29) Concurrent Clear Claimed Marks
[2020-09-25T17:58:01.586+0000][gc,marking    ] GC(29) Concurrent Clear Claimed Marks 0.118ms
[2020-09-25T17:58:01.586+0000][gc,marking    ] GC(29) Concurrent Scan Root Regions
[2020-09-25T17:58:01.589+0000][gc,marking    ] GC(29) Concurrent Scan Root Regions 2.669ms
[2020-09-25T17:58:01.589+0000][gc,marking    ] GC(29) Concurrent Mark (1530.580s)
[2020-09-25T17:58:01.589+0000][gc,marking    ] GC(29) Concurrent Mark From Roots
[2020-09-25T17:58:01.589+0000][gc,task       ] GC(29) Using 1 workers of 1 for marking
[2020-09-25T17:58:01.617+0000][gc,marking    ] GC(29) Concurrent Mark From Roots 27.629ms
[2020-09-25T17:58:01.617+0000][gc,marking    ] GC(29) Concurrent Preclean
[2020-09-25T17:58:01.617+0000][gc,marking    ] GC(29) Concurrent Preclean 0.088ms
[2020-09-25T17:58:01.617+0000][gc,marking    ] GC(29) Concurrent Mark (1530.580s, 1530.608s) 27.785ms
[2020-09-25T17:58:01.617+0000][gc,start      ] GC(29) Pause Remark
[2020-09-25T17:58:01.628+0000][gc,stringtable] GC(29) Cleaned string and symbol table, strings: 16638 processed, 4 removed, symbols: 80962 processed, 0 removed
[2020-09-25T17:58:01.628+0000][gc            ] GC(29) Pause Remark 148M->148M(300M) 11.295ms
[2020-09-25T17:58:01.628+0000][gc,cpu        ] GC(29) User=0.02s Sys=0.00s Real=0.01s
[2020-09-25T17:58:01.628+0000][gc,marking    ] GC(29) Concurrent Rebuild Remembered Sets
[2020-09-25T17:58:01.645+0000][gc,marking    ] GC(29) Concurrent Rebuild Remembered Sets 16.613ms
[2020-09-25T17:58:01.645+0000][gc,start      ] GC(29) Pause Cleanup
[2020-09-25T17:58:01.645+0000][gc            ] GC(29) Pause Cleanup 148M->148M(300M) 0.101ms
[2020-09-25T17:58:01.645+0000][gc,cpu        ] GC(29) User=0.00s Sys=0.00s Real=0.00s
[2020-09-25T17:58:01.645+0000][gc,marking    ] GC(29) Concurrent Cleanup for Next Mark
[2020-09-25T17:58:01.646+0000][gc,marking    ] GC(29) Concurrent Cleanup for Next Mark 0.971ms
[2020-09-25T17:58:01.646+0000][gc            ] GC(29) Concurrent Cycle 60.159ms
[2020-09-25T18:02:35.059+0000][gc,start      ] GC(30) Pause Young (Normal) (G1 Evacuation Pause)
[2020-09-25T18:02:35.061+0000][gc,task       ] GC(30) Using 1 workers of 1 for evacuation
[2020-09-25T18:02:35.069+0000][gc,phases     ] GC(30)   Pre Evacuate Collection Set: 0.0ms
[2020-09-25T18:02:35.069+0000][gc,phases     ] GC(30)   Evacuate Collection Set: 7.1ms
[2020-09-25T18:02:35.069+0000][gc,phases     ] GC(30)   Post Evacuate Collection Set: 0.1ms
[2020-09-25T18:02:35.069+0000][gc,phases     ] GC(30)   Other: 2.4ms
[2020-09-25T18:02:35.069+0000][gc,heap       ] GC(30) Eden regions: 14->0(16)
[2020-09-25T18:02:35.069+0000][gc,heap       ] GC(30) Survivor regions: 1->2(2)
[2020-09-25T18:02:35.069+0000][gc,heap       ] GC(30) Old regions: 19->19
[2020-09-25T18:02:35.069+0000][gc,heap       ] GC(30) Humongous regions: 129->129
[2020-09-25T18:02:35.069+0000][gc,metaspace  ] GC(30) Metaspace: 38970K->38970K(1085440K)
[2020-09-25T18:02:35.069+0000][gc            ] GC(30) Pause Young (Normal) (G1 Evacuation Pause) 162M->148M(300M) 9.691ms
[2020-09-25T18:02:35.069+0000][gc,cpu        ] GC(30) User=0.01s Sys=0.00s Real=0.01s
[2020-09-25T18:07:49.548+0000][gc,start      ] GC(31) Pause Young (Concurrent Start) (G1 Evacuation Pause)
[2020-09-25T18:07:49.548+0000][gc,task       ] GC(31) Using 1 workers of 1 for evacuation
[2020-09-25T18:07:49.558+0000][gc,phases     ] GC(31)   Pre Evacuate Collection Set: 0.1ms
[2020-09-25T18:07:49.558+0000][gc,phases     ] GC(31)   Evacuate Collection Set: 9.2ms
[2020-09-25T18:07:49.558+0000][gc,phases     ] GC(31)   Post Evacuate Collection Set: 0.2ms
[2020-09-25T18:07:49.558+0000][gc,phases     ] GC(31)   Other: 0.2ms
[2020-09-25T18:07:49.558+0000][gc,heap       ] GC(31) Eden regions: 16->0(17)
[2020-09-25T18:07:49.558+0000][gc,heap       ] GC(31) Survivor regions: 2->2(3)
[2020-09-25T18:07:49.558+0000][gc,heap       ] GC(31) Old regions: 19->19
[2020-09-25T18:07:49.558+0000][gc,heap       ] GC(31) Humongous regions: 129->129
[2020-09-25T18:07:49.558+0000][gc,metaspace  ] GC(31) Metaspace: 39002K->39002K(1085440K)
[2020-09-25T18:07:49.558+0000][gc            ] GC(31) Pause Young (Concurrent Start) (G1 Evacuation Pause) 164M->149M(300M) 9.790ms
[2020-09-25T18:07:49.558+0000][gc,cpu        ] GC(31) User=0.00s Sys=0.00s Real=0.01s
[2020-09-25T18:07:49.558+0000][gc            ] GC(32) Concurrent Cycle
[2020-09-25T18:07:49.558+0000][gc,marking    ] GC(32) Concurrent Clear Claimed Marks
[2020-09-25T18:07:49.558+0000][gc,marking    ] GC(32) Concurrent Clear Claimed Marks 0.048ms
[2020-09-25T18:07:49.558+0000][gc,marking    ] GC(32) Concurrent Scan Root Regions
[2020-09-25T18:07:49.560+0000][gc,marking    ] GC(32) Concurrent Scan Root Regions 2.274ms
[2020-09-25T18:07:49.560+0000][gc,marking    ] GC(32) Concurrent Mark (2118.551s)
[2020-09-25T18:07:49.560+0000][gc,marking    ] GC(32) Concurrent Mark From Roots
[2020-09-25T18:07:49.560+0000][gc,task       ] GC(32) Using 1 workers of 1 for marking
[2020-09-25T18:07:49.594+0000][gc,marking    ] GC(32) Concurrent Mark From Roots 33.419ms
[2020-09-25T18:07:49.594+0000][gc,marking    ] GC(32) Concurrent Preclean
[2020-09-25T18:07:49.594+0000][gc,marking    ] GC(32) Concurrent Preclean 0.071ms
[2020-09-25T18:07:49.594+0000][gc,marking    ] GC(32) Concurrent Mark (2118.551s, 2118.585s) 33.548ms
[2020-09-25T18:07:49.594+0000][gc,start      ] GC(32) Pause Remark
[2020-09-25T18:07:49.605+0000][gc,stringtable] GC(32) Cleaned string and symbol table, strings: 16687 processed, 0 removed, symbols: 80969 processed, 0 removed
[2020-09-25T18:07:49.605+0000][gc            ] GC(32) Pause Remark 149M->149M(300M) 10.815ms
[2020-09-25T18:07:49.605+0000][gc,cpu        ] GC(32) User=0.01s Sys=0.00s Real=0.01s
[2020-09-25T18:07:49.605+0000][gc,marking    ] GC(32) Concurrent Rebuild Remembered Sets
[2020-09-25T18:07:49.621+0000][gc,marking    ] GC(32) Concurrent Rebuild Remembered Sets 16.326ms
[2020-09-25T18:07:49.621+0000][gc,start      ] GC(32) Pause Cleanup
[2020-09-25T18:07:49.621+0000][gc            ] GC(32) Pause Cleanup 149M->149M(300M) 0.087ms
[2020-09-25T18:07:49.621+0000][gc,cpu        ] GC(32) User=0.00s Sys=0.00s Real=0.00s
[2020-09-25T18:07:49.621+0000][gc,marking    ] GC(32) Concurrent Cleanup for Next Mark
[2020-09-25T18:07:49.622+0000][gc,marking    ] GC(32) Concurrent Cleanup for Next Mark 0.762ms
[2020-09-25T18:07:49.622+0000][gc            ] GC(32) Concurrent Cycle 64.336ms
[2020-09-25T18:12:33.423+0000][gc,start      ] GC(33) Pause Young (Normal) (G1 Evacuation Pause)
[2020-09-25T18:12:33.423+0000][gc,task       ] GC(33) Using 1 workers of 1 for evacuation
[2020-09-25T18:12:33.433+0000][gc,phases     ] GC(33)   Pre Evacuate Collection Set: 0.0ms
[2020-09-25T18:12:33.433+0000][gc,phases     ] GC(33)   Evacuate Collection Set: 9.8ms
[2020-09-25T18:12:33.433+0000][gc,phases     ] GC(33)   Post Evacuate Collection Set: 0.2ms
[2020-09-25T18:12:33.433+0000][gc,phases     ] GC(33)   Other: 0.2ms
[2020-09-25T18:12:33.433+0000][gc,heap       ] GC(33) Eden regions: 14->0(19)
[2020-09-25T18:12:33.433+0000][gc,heap       ] GC(33) Survivor regions: 2->2(2)
[2020-09-25T18:12:33.433+0000][gc,heap       ] GC(33) Old regions: 19->19
[2020-09-25T18:12:33.433+0000][gc,heap       ] GC(33) Humongous regions: 129->129
[2020-09-25T18:12:33.433+0000][gc,metaspace  ] GC(33) Metaspace: 39011K->39011K(1085440K)
[2020-09-25T18:12:33.433+0000][gc            ] GC(33) Pause Young (Normal) (G1 Evacuation Pause) 163M->149M(300M) 10.296ms
[2020-09-25T18:12:33.433+0000][gc,cpu        ] GC(33) User=0.00s Sys=0.01s Real=0.01s
[2020-09-25T18:19:04.110+0000][gc,start      ] GC(34) Pause Young (Concurrent Start) (G1 Evacuation Pause)
[2020-09-25T18:19:04.110+0000][gc,task       ] GC(34) Using 1 workers of 1 for evacuation
[2020-09-25T18:19:04.119+0000][gc,phases     ] GC(34)   Pre Evacuate Collection Set: 0.1ms
[2020-09-25T18:19:04.119+0000][gc,phases     ] GC(34)   Evacuate Collection Set: 8.4ms
[2020-09-25T18:19:04.119+0000][gc,phases     ] GC(34)   Post Evacuate Collection Set: 0.2ms
[2020-09-25T18:19:04.119+0000][gc,phases     ] GC(34)   Other: 0.2ms
[2020-09-25T18:19:04.119+0000][gc,heap       ] GC(34) Eden regions: 19->0(22)
[2020-09-25T18:19:04.119+0000][gc,heap       ] GC(34) Survivor regions: 2->2(3)
[2020-09-25T18:19:04.119+0000][gc,heap       ] GC(34) Old regions: 19->19
[2020-09-25T18:19:04.119+0000][gc,heap       ] GC(34) Humongous regions: 129->129
[2020-09-25T18:19:04.119+0000][gc,metaspace  ] GC(34) Metaspace: 39041K->39041K(1085440K)
[2020-09-25T18:19:04.119+0000][gc            ] GC(34) Pause Young (Concurrent Start) (G1 Evacuation Pause) 168M->149M(300M) 9.024ms
[2020-09-25T18:19:04.119+0000][gc,cpu        ] GC(34) User=0.01s Sys=0.00s Real=0.01s
[2020-09-25T18:19:04.119+0000][gc            ] GC(35) Concurrent Cycle
[2020-09-25T18:19:04.119+0000][gc,marking    ] GC(35) Concurrent Clear Claimed Marks
[2020-09-25T18:19:04.119+0000][gc,marking    ] GC(35) Concurrent Clear Claimed Marks 0.077ms
[2020-09-25T18:19:04.119+0000][gc,marking    ] GC(35) Concurrent Scan Root Regions
[2020-09-25T18:19:04.121+0000][gc,marking    ] GC(35) Concurrent Scan Root Regions 1.955ms
[2020-09-25T18:19:04.121+0000][gc,marking    ] GC(35) Concurrent Mark (2793.112s)
[2020-09-25T18:19:04.121+0000][gc,marking    ] GC(35) Concurrent Mark From Roots
[2020-09-25T18:19:04.121+0000][gc,task       ] GC(35) Using 1 workers of 1 for marking
[2020-09-25T18:19:04.152+0000][gc,marking    ] GC(35) Concurrent Mark From Roots 30.759ms
[2020-09-25T18:19:04.152+0000][gc,marking    ] GC(35) Concurrent Preclean
[2020-09-25T18:19:04.152+0000][gc,marking    ] GC(35) Concurrent Preclean 0.081ms
[2020-09-25T18:19:04.152+0000][gc,marking    ] GC(35) Concurrent Mark (2793.112s, 2793.143s) 30.911ms
[2020-09-25T18:19:04.152+0000][gc,start      ] GC(35) Pause Remark
[2020-09-25T18:19:04.163+0000][gc,stringtable] GC(35) Cleaned string and symbol table, strings: 16742 processed, 3 removed, symbols: 80969 processed, 0 removed
[2020-09-25T18:19:04.163+0000][gc            ] GC(35) Pause Remark 149M->149M(300M) 11.233ms
[2020-09-25T18:19:04.164+0000][gc,cpu        ] GC(35) User=0.01s Sys=0.00s Real=0.01s
[2020-09-25T18:19:04.164+0000][gc,marking    ] GC(35) Concurrent Rebuild Remembered Sets
[2020-09-25T18:19:04.180+0000][gc,marking    ] GC(35) Concurrent Rebuild Remembered Sets 16.652ms
[2020-09-25T18:19:04.180+0000][gc,start      ] GC(35) Pause Cleanup
[2020-09-25T18:19:04.181+0000][gc            ] GC(35) Pause Cleanup 149M->149M(300M) 0.090ms
[2020-09-25T18:19:04.181+0000][gc,cpu        ] GC(35) User=0.00s Sys=0.00s Real=0.00s
[2020-09-25T18:19:04.181+0000][gc,marking    ] GC(35) Concurrent Cleanup for Next Mark
[2020-09-25T18:19:04.181+0000][gc,marking    ] GC(35) Concurrent Cleanup for Next Mark 0.765ms
[2020-09-25T18:19:04.181+0000][gc            ] GC(35) Concurrent Cycle 62.282ms
[2020-09-25T18:26:04.110+0000][gc,start      ] GC(36) Pause Young (Normal) (G1 Evacuation Pause)
[2020-09-25T18:26:04.110+0000][gc,task       ] GC(36) Using 1 workers of 1 for evacuation
[2020-09-25T18:26:04.120+0000][gc,phases     ] GC(36)   Pre Evacuate Collection Set: 0.0ms
[2020-09-25T18:26:04.120+0000][gc,phases     ] GC(36)   Evacuate Collection Set: 9.8ms
[2020-09-25T18:26:04.120+0000][gc,phases     ] GC(36)   Post Evacuate Collection Set: 0.2ms
[2020-09-25T18:26:04.120+0000][gc,phases     ] GC(36)   Other: 0.2ms
[2020-09-25T18:26:04.120+0000][gc,heap       ] GC(36) Eden regions: 20->0(20)
[2020-09-25T18:26:04.120+0000][gc,heap       ] GC(36) Survivor regions: 2->2(3)
[2020-09-25T18:26:04.120+0000][gc,heap       ] GC(36) Old regions: 19->19
[2020-09-25T18:26:04.120+0000][gc,heap       ] GC(36) Humongous regions: 129->129
[2020-09-25T18:26:04.120+0000][gc,metaspace  ] GC(36) Metaspace: 39065K->39065K(1085440K)
[2020-09-25T18:26:04.120+0000][gc            ] GC(36) Pause Young (Normal) (G1 Evacuation Pause) 169M->149M(300M) 10.229ms
[2020-09-25T18:26:04.120+0000][gc,cpu        ] GC(36) User=0.01s Sys=0.00s Real=0.01s
[2020-09-25T18:32:35.918+0000][gc,start      ] GC(37) Pause Young (Concurrent Start) (G1 Evacuation Pause)
[2020-09-25T18:32:35.918+0000][gc,task       ] GC(37) Using 1 workers of 1 for evacuation
[2020-09-25T18:32:35.931+0000][gc,phases     ] GC(37)   Pre Evacuate Collection Set: 0.1ms
[2020-09-25T18:32:35.931+0000][gc,phases     ] GC(37)   Evacuate Collection Set: 12.2ms
[2020-09-25T18:32:35.931+0000][gc,phases     ] GC(37)   Post Evacuate Collection Set: 0.2ms
[2020-09-25T18:32:35.931+0000][gc,phases     ] GC(37)   Other: 0.2ms
[2020-09-25T18:32:35.931+0000][gc,heap       ] GC(37) Eden regions: 20->0(20)
[2020-09-25T18:32:35.931+0000][gc,heap       ] GC(37) Survivor regions: 2->3(3)
[2020-09-25T18:32:35.931+0000][gc,heap       ] GC(37) Old regions: 19->20
[2020-09-25T18:32:35.931+0000][gc,heap       ] GC(37) Humongous regions: 129->129
[2020-09-25T18:32:35.931+0000][gc,metaspace  ] GC(37) Metaspace: 39097K->39097K(1085440K)
[2020-09-25T18:32:35.931+0000][gc            ] GC(37) Pause Young (Concurrent Start) (G1 Evacuation Pause) 169M->151M(300M) 12.764ms
[2020-09-25T18:32:35.931+0000][gc,cpu        ] GC(37) User=0.01s Sys=0.00s Real=0.01s
[2020-09-25T18:32:35.931+0000][gc            ] GC(38) Concurrent Cycle
[2020-09-25T18:32:35.931+0000][gc,marking    ] GC(38) Concurrent Clear Claimed Marks
[2020-09-25T18:32:35.931+0000][gc,marking    ] GC(38) Concurrent Clear Claimed Marks 0.071ms
[2020-09-25T18:32:35.931+0000][gc,marking    ] GC(38) Concurrent Scan Root Regions
[2020-09-25T18:32:35.933+0000][gc,marking    ] GC(38) Concurrent Scan Root Regions 1.921ms
[2020-09-25T18:32:35.933+0000][gc,marking    ] GC(38) Concurrent Mark (3604.924s)
[2020-09-25T18:32:35.933+0000][gc,marking    ] GC(38) Concurrent Mark From Roots
[2020-09-25T18:32:35.933+0000][gc,task       ] GC(38) Using 1 workers of 1 for marking
[2020-09-25T18:32:35.962+0000][gc,marking    ] GC(38) Concurrent Mark From Roots 29.131ms
[2020-09-25T18:32:35.962+0000][gc,marking    ] GC(38) Concurrent Preclean
[2020-09-25T18:32:35.962+0000][gc,marking    ] GC(38) Concurrent Preclean 0.083ms
[2020-09-25T18:32:35.962+0000][gc,marking    ] GC(38) Concurrent Mark (3604.924s, 3604.953s) 29.291ms
[2020-09-25T18:32:35.963+0000][gc,start      ] GC(38) Pause Remark
[2020-09-25T18:32:35.974+0000][gc,stringtable] GC(38) Cleaned string and symbol table, strings: 16816 processed, 0 removed, symbols: 80984 processed, 0 removed
[2020-09-25T18:32:35.974+0000][gc            ] GC(38) Pause Remark 151M->151M(300M) 11.061ms
[2020-09-25T18:32:35.974+0000][gc,cpu        ] GC(38) User=0.02s Sys=0.00s Real=0.01s
[2020-09-25T18:32:35.974+0000][gc,marking    ] GC(38) Concurrent Rebuild Remembered Sets
[2020-09-25T18:32:35.991+0000][gc,marking    ] GC(38) Concurrent Rebuild Remembered Sets 17.015ms
[2020-09-25T18:32:35.991+0000][gc,start      ] GC(38) Pause Cleanup
[2020-09-25T18:32:35.991+0000][gc            ] GC(38) Pause Cleanup 151M->151M(300M) 0.093ms
[2020-09-25T18:32:35.991+0000][gc,cpu        ] GC(38) User=0.00s Sys=0.00s Real=0.00s
[2020-09-25T18:32:35.991+0000][gc,marking    ] GC(38) Concurrent Cleanup for Next Mark
[2020-09-25T18:32:35.992+0000][gc,marking    ] GC(38) Concurrent Cleanup for Next Mark 0.766ms
[2020-09-25T18:32:35.992+0000][gc            ] GC(38) Concurrent Cycle 60.727ms
[2020-09-25T18:39:32.386+0000][gc,start      ] GC(39) Pause Young (Normal) (G1 Evacuation Pause)
[2020-09-25T18:39:32.387+0000][gc,task       ] GC(39) Using 1 workers of 1 for evacuation
[2020-09-25T18:39:32.405+0000][gc,phases     ] GC(39)   Pre Evacuate Collection Set: 0.0ms
[2020-09-25T18:39:32.405+0000][gc,phases     ] GC(39)   Evacuate Collection Set: 16.9ms
[2020-09-25T18:39:32.405+0000][gc,phases     ] GC(39)   Post Evacuate Collection Set: 0.2ms
[2020-09-25T18:39:32.405+0000][gc,phases     ] GC(39)   Other: 2.9ms
[2020-09-25T18:39:32.405+0000][gc,heap       ] GC(39) Eden regions: 20->0(20)
[2020-09-25T18:39:32.405+0000][gc,heap       ] GC(39) Survivor regions: 3->2(3)
[2020-09-25T18:39:32.405+0000][gc,heap       ] GC(39) Old regions: 20->21
[2020-09-25T18:39:32.405+0000][gc,heap       ] GC(39) Humongous regions: 129->129
[2020-09-25T18:39:32.405+0000][gc,metaspace  ] GC(39) Metaspace: 39147K->39147K(1085440K)
[2020-09-25T18:39:32.405+0000][gc            ] GC(39) Pause Young (Normal) (G1 Evacuation Pause) 171M->151M(300M) 19.087ms
[2020-09-25T18:39:32.405+0000][gc,cpu        ] GC(39) User=0.01s Sys=0.00s Real=0.02s
[2020-09-25T18:47:04.350+0000][gc,start      ] GC(40) Pause Young (Concurrent Start) (G1 Evacuation Pause)
[2020-09-25T18:47:04.477+0000][gc,task       ] GC(40) Using 1 workers of 1 for evacuation
[2020-09-25T18:47:06.072+0000][gc,mmu        ] GC(40) MMU target violated: 21.0ms (20.0ms/21.0ms)
[2020-09-25T18:47:06.476+0000][gc,phases     ] GC(40)   Pre Evacuate Collection Set: 12.8ms
[2020-09-25T18:47:06.614+0000][gc,phases     ] GC(40)   Evacuate Collection Set: 758.9ms
[2020-09-25T18:47:06.624+0000][gc,phases     ] GC(40)   Post Evacuate Collection Set: 340.4ms
[2020-09-25T18:47:06.724+0000][gc,phases     ] GC(40)   Other: 1018.9ms
[2020-09-25T18:47:06.748+0000][gc,heap       ] GC(40) Eden regions: 20->0(13)
[2020-09-25T18:47:06.748+0000][gc,heap       ] GC(40) Survivor regions: 2->2(3)
[2020-09-25T18:47:06.748+0000][gc,heap       ] GC(40) Old regions: 21->21
[2020-09-25T18:47:06.748+0000][gc,heap       ] GC(40) Humongous regions: 129->129
[2020-09-25T18:47:06.783+0000][gc,metaspace  ] GC(40) Metaspace: 39153K->39153K(1085440K)
[2020-09-25T18:47:07.234+0000][gc            ] GC(40) Pause Young (Concurrent Start) (G1 Evacuation Pause) 171M->151M(300M) 2716.596ms
[2020-09-25T18:47:07.306+0000][gc,cpu        ] GC(40) User=0.02s Sys=0.01s Real=2.97s
[2020-09-25T18:47:07.380+0000][gc            ] GC(41) Concurrent Cycle
[2020-09-25T18:47:07.392+0000][gc,marking    ] GC(41) Concurrent Clear Claimed Marks
[2020-09-25T18:47:07.402+0000][gc,marking    ] GC(41) Concurrent Clear Claimed Marks 9.257ms
[2020-09-25T18:47:07.402+0000][gc,marking    ] GC(41) Concurrent Scan Root Regions
[2020-09-25T18:47:07.735+0000][gc,marking    ] GC(41) Concurrent Scan Root Regions 168.478ms
[2020-09-25T18:47:08.044+0000][gc,marking    ] GC(41) Concurrent Mark (4477.021s)
[2020-09-25T18:47:08.060+0000][gc,marking    ] GC(41) Concurrent Mark From Roots
[2020-09-25T18:47:08.177+0000][gc,task       ] GC(41) Using 1 workers of 1 for marking
[2020-09-25T18:47:08.987+0000][gc,marking    ] GC(41) Concurrent Mark From Roots 778.092ms
[2020-09-25T18:47:09.365+0000][gc,marking    ] GC(41) Concurrent Preclean
[2020-09-25T18:47:09.800+0000][gc,marking    ] GC(41) Concurrent Preclean 448.762ms
[2020-09-25T18:47:10.111+0000][gc,marking    ] GC(41) Concurrent Mark (4477.021s, 4478.997s) 1976.351ms
[2020-09-25T18:47:10.780+0000][gc,start      ] GC(41) Pause Remark
[2020-09-25T18:47:11.833+0000][gc,stringtable] GC(41) Cleaned string and symbol table, strings: 16835 processed, 0 removed, symbols: 80984 processed, 0 removed
[2020-09-25T18:47:12.017+0000][gc,mmu        ] GC(41) MMU target violated: 21.0ms (20.0ms/21.0ms)
[2020-09-25T18:47:12.208+0000][gc            ] GC(41) Pause Remark 151M->151M(300M) 1446.562ms
[2020-09-25T18:47:12.237+0000][gc,cpu        ] GC(41) User=0.02s Sys=0.01s Real=1.55s
[2020-09-25T18:47:12.513+0000][gc,marking    ] GC(41) Concurrent Rebuild Remembered Sets
[2020-09-25T18:47:12.858+0000][gc,marking    ] GC(41) Concurrent Rebuild Remembered Sets 382.112ms
[2020-09-25T18:47:13.484+0000][gc,start      ] GC(41) Pause Cleanup
[2020-09-25T18:47:13.853+0000][gc,mmu        ] GC(41) MMU target violated: 21.0ms (20.0ms/21.0ms)
[2020-09-25T18:47:14.136+0000][gc            ] GC(41) Pause Cleanup 151M->151M(300M) 624.204ms
[2020-09-25T18:47:14.224+0000][gc,cpu        ] GC(41) User=0.00s Sys=0.01s Real=0.83s
[2020-09-25T18:47:14.303+0000][gc,marking    ] GC(41) Concurrent Cleanup for Next Mark
[2020-09-25T18:47:14.512+0000][gc,marking    ] GC(41) Concurrent Cleanup for Next Mark 110.836ms
[2020-09-25T18:47:15.079+0000][gc            ] GC(41) Concurrent Cycle 7588.838ms
[2020-09-25T18:52:36.234+0000][gc,start      ] GC(42) Pause Young (Normal) (G1 Evacuation Pause)
[2020-09-25T18:52:36.235+0000][gc,task       ] GC(42) Using 1 workers of 1 for evacuation
[2020-09-25T18:52:36.259+0000][gc,mmu        ] GC(42) MMU target violated: 21.0ms (20.0ms/21.0ms)
[2020-09-25T18:52:36.260+0000][gc,phases     ] GC(42)   Pre Evacuate Collection Set: 0.0ms
[2020-09-25T18:52:36.260+0000][gc,phases     ] GC(42)   Evacuate Collection Set: 21.4ms
[2020-09-25T18:52:36.260+0000][gc,phases     ] GC(42)   Post Evacuate Collection Set: 0.9ms
[2020-09-25T18:52:36.260+0000][gc,phases     ] GC(42)   Other: 4.6ms
[2020-09-25T18:52:36.260+0000][gc,heap       ] GC(42) Eden regions: 13->0(14)
[2020-09-25T18:52:36.260+0000][gc,heap       ] GC(42) Survivor regions: 2->1(2)
[2020-09-25T18:52:36.260+0000][gc,heap       ] GC(42) Old regions: 21->22
[2020-09-25T18:52:36.260+0000][gc,heap       ] GC(42) Humongous regions: 129->129
[2020-09-25T18:52:36.260+0000][gc,metaspace  ] GC(42) Metaspace: 39317K->39317K(1085440K)
[2020-09-25T18:52:36.260+0000][gc            ] GC(42) Pause Young (Normal) (G1 Evacuation Pause) 164M->151M(300M) 26.069ms
[2020-09-25T18:52:36.260+0000][gc,cpu        ] GC(42) User=0.02s Sys=0.00s Real=0.03s
[2020-09-25T18:55:50.825+0000][gc,start      ] GC(43) Pause Young (Concurrent Start) (G1 Evacuation Pause)
[2020-09-25T18:55:50.827+0000][gc,task       ] GC(43) Using 1 workers of 1 for evacuation
[2020-09-25T18:55:50.842+0000][gc,phases     ] GC(43)   Pre Evacuate Collection Set: 0.1ms
[2020-09-25T18:55:50.842+0000][gc,phases     ] GC(43)   Evacuate Collection Set: 14.2ms
[2020-09-25T18:55:50.842+0000][gc,phases     ] GC(43)   Post Evacuate Collection Set: 0.2ms
[2020-09-25T18:55:50.842+0000][gc,phases     ] GC(43)   Other: 1.9ms
[2020-09-25T18:55:50.842+0000][gc,heap       ] GC(43) Eden regions: 14->0(13)
[2020-09-25T18:55:50.842+0000][gc,heap       ] GC(43) Survivor regions: 1->2(2)
[2020-09-25T18:55:50.842+0000][gc,heap       ] GC(43) Old regions: 22->23
[2020-09-25T18:55:50.842+0000][gc,heap       ] GC(43) Humongous regions: 129->129
[2020-09-25T18:55:50.842+0000][gc,metaspace  ] GC(43) Metaspace: 39343K->39343K(1085440K)
[2020-09-25T18:55:50.842+0000][gc            ] GC(43) Pause Young (Concurrent Start) (G1 Evacuation Pause) 165M->153M(300M) 16.539ms
[2020-09-25T18:55:50.842+0000][gc,cpu        ] GC(43) User=0.01s Sys=0.01s Real=0.02s
[2020-09-25T18:55:50.842+0000][gc            ] GC(44) Concurrent Cycle
[2020-09-25T18:55:50.842+0000][gc,marking    ] GC(44) Concurrent Clear Claimed Marks
[2020-09-25T18:55:50.842+0000][gc,marking    ] GC(44) Concurrent Clear Claimed Marks 0.141ms
[2020-09-25T18:55:50.842+0000][gc,marking    ] GC(44) Concurrent Scan Root Regions
[2020-09-25T18:55:50.845+0000][gc,marking    ] GC(44) Concurrent Scan Root Regions 2.833ms
[2020-09-25T18:55:50.845+0000][gc,marking    ] GC(44) Concurrent Mark (4999.836s)
[2020-09-25T18:55:50.845+0000][gc,marking    ] GC(44) Concurrent Mark From Roots
[2020-09-25T18:55:50.845+0000][gc,task       ] GC(44) Using 1 workers of 1 for marking
[2020-09-25T18:55:50.872+0000][gc,marking    ] GC(44) Concurrent Mark From Roots 27.720ms
[2020-09-25T18:55:50.873+0000][gc,marking    ] GC(44) Concurrent Preclean
[2020-09-25T18:55:50.873+0000][gc,marking    ] GC(44) Concurrent Preclean 0.097ms
[2020-09-25T18:55:50.873+0000][gc,marking    ] GC(44) Concurrent Mark (4999.836s, 4999.864s) 27.887ms
[2020-09-25T18:55:50.873+0000][gc,start      ] GC(44) Pause Remark
[2020-09-25T18:55:50.885+0000][gc,stringtable] GC(44) Cleaned string and symbol table, strings: 16866 processed, 1 removed, symbols: 81070 processed, 1 removed
[2020-09-25T18:55:50.886+0000][gc            ] GC(44) Pause Remark 153M->153M(300M) 12.954ms
[2020-09-25T18:55:50.886+0000][gc,cpu        ] GC(44) User=0.02s Sys=0.00s Real=0.01s
[2020-09-25T18:55:50.886+0000][gc,marking    ] GC(44) Concurrent Rebuild Remembered Sets
[2020-09-25T18:55:50.903+0000][gc,marking    ] GC(44) Concurrent Rebuild Remembered Sets 16.737ms
[2020-09-25T18:55:50.903+0000][gc,start      ] GC(44) Pause Cleanup
[2020-09-25T18:55:50.903+0000][gc            ] GC(44) Pause Cleanup 153M->153M(300M) 0.103ms
[2020-09-25T18:55:50.903+0000][gc,cpu        ] GC(44) User=0.00s Sys=0.00s Real=0.00s
[2020-09-25T18:55:50.903+0000][gc,marking    ] GC(44) Concurrent Cleanup for Next Mark
[2020-09-25T18:55:50.904+0000][gc,marking    ] GC(44) Concurrent Cleanup for Next Mark 0.783ms
[2020-09-25T18:55:50.904+0000][gc            ] GC(44) Concurrent Cycle 62.022ms
[2020-09-25T19:00:06.574+0000][gc,start      ] GC(45) Pause Young (Normal) (G1 Evacuation Pause)
[2020-09-25T19:00:06.574+0000][gc,task       ] GC(45) Using 1 workers of 1 for evacuation
[2020-09-25T19:00:06.602+0000][gc,mmu        ] GC(45) MMU target violated: 21.0ms (20.0ms/21.0ms)
[2020-09-25T19:00:06.602+0000][gc,phases     ] GC(45)   Pre Evacuate Collection Set: 0.0ms
[2020-09-25T19:00:06.602+0000][gc,phases     ] GC(45)   Evacuate Collection Set: 27.5ms
[2020-09-25T19:00:06.602+0000][gc,phases     ] GC(45)   Post Evacuate Collection Set: 0.2ms
[2020-09-25T19:00:06.602+0000][gc,phases     ] GC(45)   Other: 0.2ms
[2020-09-25T19:00:06.602+0000][gc,heap       ] GC(45) Eden regions: 13->0(14)
[2020-09-25T19:00:06.602+0000][gc,heap       ] GC(45) Survivor regions: 2->1(2)
[2020-09-25T19:00:06.602+0000][gc,heap       ] GC(45) Old regions: 23->25
[2020-09-25T19:00:06.602+0000][gc,heap       ] GC(45) Humongous regions: 129->129
[2020-09-25T19:00:06.602+0000][gc,metaspace  ] GC(45) Metaspace: 39348K->39348K(1085440K)
[2020-09-25T19:00:06.602+0000][gc            ] GC(45) Pause Young (Normal) (G1 Evacuation Pause) 166M->153M(300M) 28.029ms
[2020-09-25T19:00:06.602+0000][gc,cpu        ] GC(45) User=0.02s Sys=0.01s Real=0.03s
[2020-09-25T19:04:53.051+0000][gc,start      ] GC(46) Pause Young (Concurrent Start) (G1 Evacuation Pause)
[2020-09-25T19:04:53.051+0000][gc,task       ] GC(46) Using 1 workers of 1 for evacuation
[2020-09-25T19:04:53.056+0000][gc,phases     ] GC(46)   Pre Evacuate Collection Set: 0.2ms
[2020-09-25T19:04:53.056+0000][gc,phases     ] GC(46)   Evacuate Collection Set: 4.7ms
[2020-09-25T19:04:53.056+0000][gc,phases     ] GC(46)   Post Evacuate Collection Set: 0.1ms
[2020-09-25T19:04:53.056+0000][gc,phases     ] GC(46)   Other: 0.2ms
[2020-09-25T19:04:53.056+0000][gc,heap       ] GC(46) Eden regions: 14->0(14)
[2020-09-25T19:04:53.056+0000][gc,heap       ] GC(46) Survivor regions: 1->1(2)
[2020-09-25T19:04:53.056+0000][gc,heap       ] GC(46) Old regions: 25->25
[2020-09-25T19:04:53.056+0000][gc,heap       ] GC(46) Humongous regions: 129->129
[2020-09-25T19:04:53.056+0000][gc,metaspace  ] GC(46) Metaspace: 39354K->39354K(1085440K)
[2020-09-25T19:04:53.056+0000][gc            ] GC(46) Pause Young (Concurrent Start) (G1 Evacuation Pause) 167M->154M(300M) 5.300ms
[2020-09-25T19:04:53.056+0000][gc,cpu        ] GC(46) User=0.00s Sys=0.00s Real=0.01s
[2020-09-25T19:04:53.056+0000][gc            ] GC(47) Concurrent Cycle
[2020-09-25T19:04:53.056+0000][gc,marking    ] GC(47) Concurrent Clear Claimed Marks
[2020-09-25T19:04:53.056+0000][gc,marking    ] GC(47) Concurrent Clear Claimed Marks 0.045ms
[2020-09-25T19:04:53.056+0000][gc,marking    ] GC(47) Concurrent Scan Root Regions
[2020-09-25T19:04:53.057+0000][gc,marking    ] GC(47) Concurrent Scan Root Regions 0.744ms
[2020-09-25T19:04:53.057+0000][gc,marking    ] GC(47) Concurrent Mark (5542.048s)
[2020-09-25T19:04:53.057+0000][gc,marking    ] GC(47) Concurrent Mark From Roots
[2020-09-25T19:04:53.057+0000][gc,task       ] GC(47) Using 1 workers of 1 for marking
[2020-09-25T19:04:53.085+0000][gc,marking    ] GC(47) Concurrent Mark From Roots 27.812ms
[2020-09-25T19:04:53.085+0000][gc,marking    ] GC(47) Concurrent Preclean
[2020-09-25T19:04:53.085+0000][gc,marking    ] GC(47) Concurrent Preclean 0.074ms
[2020-09-25T19:04:53.085+0000][gc,marking    ] GC(47) Concurrent Mark (5542.048s, 5542.076s) 27.945ms
[2020-09-25T19:04:53.085+0000][gc,start      ] GC(47) Pause Remark
[2020-09-25T19:04:53.096+0000][gc,stringtable] GC(47) Cleaned string and symbol table, strings: 16887 processed, 3 removed, symbols: 81069 processed, 0 removed
[2020-09-25T19:04:53.097+0000][gc            ] GC(47) Pause Remark 154M->154M(300M) 11.415ms
[2020-09-25T19:04:53.097+0000][gc,cpu        ] GC(47) User=0.01s Sys=0.00s Real=0.02s
[2020-09-25T19:04:53.097+0000][gc,marking    ] GC(47) Concurrent Rebuild Remembered Sets
[2020-09-25T19:04:53.114+0000][gc,marking    ] GC(47) Concurrent Rebuild Remembered Sets 16.949ms
[2020-09-25T19:04:53.114+0000][gc,start      ] GC(47) Pause Cleanup
[2020-09-25T19:04:53.114+0000][gc            ] GC(47) Pause Cleanup 154M->154M(300M) 0.087ms
[2020-09-25T19:04:53.114+0000][gc,cpu        ] GC(47) User=0.00s Sys=0.00s Real=0.00s
[2020-09-25T19:04:53.114+0000][gc,marking    ] GC(47) Concurrent Cleanup for Next Mark
[2020-09-25T19:04:53.115+0000][gc,marking    ] GC(47) Concurrent Cleanup for Next Mark 0.836ms
[2020-09-25T19:04:53.115+0000][gc            ] GC(47) Concurrent Cycle 58.563ms
[2020-09-25T19:09:36.627+0000][gc,start      ] GC(48) Pause Young (Normal) (G1 Evacuation Pause)
[2020-09-25T19:09:36.627+0000][gc,task       ] GC(48) Using 1 workers of 1 for evacuation
[2020-09-25T19:09:36.633+0000][gc,phases     ] GC(48)   Pre Evacuate Collection Set: 0.0ms
[2020-09-25T19:09:36.633+0000][gc,phases     ] GC(48)   Evacuate Collection Set: 5.6ms
[2020-09-25T19:09:36.633+0000][gc,phases     ] GC(48)   Post Evacuate Collection Set: 0.1ms
[2020-09-25T19:09:36.633+0000][gc,phases     ] GC(48)   Other: 0.2ms
[2020-09-25T19:09:36.633+0000][gc,heap       ] GC(48) Eden regions: 14->0(14)
[2020-09-25T19:09:36.633+0000][gc,heap       ] GC(48) Survivor regions: 1->1(2)
[2020-09-25T19:09:36.633+0000][gc,heap       ] GC(48) Old regions: 25->25
[2020-09-25T19:09:36.633+0000][gc,heap       ] GC(48) Humongous regions: 129->129
[2020-09-25T19:09:36.633+0000][gc,metaspace  ] GC(48) Metaspace: 39369K->39369K(1085440K)
[2020-09-25T19:09:36.633+0000][gc            ] GC(48) Pause Young (Normal) (G1 Evacuation Pause) 168M->154M(300M) 6.024ms
[2020-09-25T19:09:36.633+0000][gc,cpu        ] GC(48) User=0.00s Sys=0.00s Real=0.00s
[2020-09-25T19:14:23.984+0000][gc,start      ] GC(49) Pause Young (Concurrent Start) (G1 Evacuation Pause)
[2020-09-25T19:14:23.984+0000][gc,task       ] GC(49) Using 1 workers of 1 for evacuation
[2020-09-25T19:14:23.991+0000][gc,phases     ] GC(49)   Pre Evacuate Collection Set: 0.1ms
[2020-09-25T19:14:23.991+0000][gc,phases     ] GC(49)   Evacuate Collection Set: 6.1ms
[2020-09-25T19:14:23.991+0000][gc,phases     ] GC(49)   Post Evacuate Collection Set: 0.2ms
[2020-09-25T19:14:23.991+0000][gc,phases     ] GC(49)   Other: 0.2ms
[2020-09-25T19:14:23.991+0000][gc,heap       ] GC(49) Eden regions: 14->0(14)
[2020-09-25T19:14:23.991+0000][gc,heap       ] GC(49) Survivor regions: 1->1(2)
[2020-09-25T19:14:23.991+0000][gc,heap       ] GC(49) Old regions: 25->25
[2020-09-25T19:14:23.991+0000][gc,heap       ] GC(49) Humongous regions: 129->129
[2020-09-25T19:14:23.991+0000][gc,metaspace  ] GC(49) Metaspace: 39370K->39370K(1085440K)
[2020-09-25T19:14:23.991+0000][gc            ] GC(49) Pause Young (Concurrent Start) (G1 Evacuation Pause) 168M->154M(300M) 6.779ms
[2020-09-25T19:14:23.991+0000][gc,cpu        ] GC(49) User=0.01s Sys=0.00s Real=0.01s
[2020-09-25T19:14:23.991+0000][gc            ] GC(50) Concurrent Cycle
[2020-09-25T19:14:23.991+0000][gc,marking    ] GC(50) Concurrent Clear Claimed Marks
[2020-09-25T19:14:23.991+0000][gc,marking    ] GC(50) Concurrent Clear Claimed Marks 0.069ms
[2020-09-25T19:14:23.991+0000][gc,marking    ] GC(50) Concurrent Scan Root Regions
[2020-09-25T19:14:23.993+0000][gc,marking    ] GC(50) Concurrent Scan Root Regions 1.755ms
[2020-09-25T19:14:23.993+0000][gc,marking    ] GC(50) Concurrent Mark (6112.984s)
[2020-09-25T19:14:23.993+0000][gc,marking    ] GC(50) Concurrent Mark From Roots
[2020-09-25T19:14:23.993+0000][gc,task       ] GC(50) Using 1 workers of 1 for marking
[2020-09-25T19:14:24.031+0000][gc,marking    ] GC(50) Concurrent Mark From Roots 37.983ms
[2020-09-25T19:14:24.031+0000][gc,marking    ] GC(50) Concurrent Preclean
[2020-09-25T19:14:24.031+0000][gc,marking    ] GC(50) Concurrent Preclean 0.098ms
[2020-09-25T19:14:24.031+0000][gc,marking    ] GC(50) Concurrent Mark (6112.984s, 6113.022s) 38.145ms
[2020-09-25T19:14:24.031+0000][gc,start      ] GC(50) Pause Remark
[2020-09-25T19:14:24.043+0000][gc,stringtable] GC(50) Cleaned string and symbol table, strings: 16909 processed, 0 removed, symbols: 81072 processed, 3 removed
[2020-09-25T19:14:24.043+0000][gc            ] GC(50) Pause Remark 154M->154M(300M) 12.216ms
[2020-09-25T19:14:24.044+0000][gc,cpu        ] GC(50) User=0.01s Sys=0.00s Real=0.01s
[2020-09-25T19:14:24.044+0000][gc,marking    ] GC(50) Concurrent Rebuild Remembered Sets
[2020-09-25T19:14:24.061+0000][gc,marking    ] GC(50) Concurrent Rebuild Remembered Sets 17.149ms
[2020-09-25T19:14:24.061+0000][gc,start      ] GC(50) Pause Cleanup
[2020-09-25T19:14:24.061+0000][gc            ] GC(50) Pause Cleanup 154M->154M(300M) 0.096ms
[2020-09-25T19:14:24.061+0000][gc,cpu        ] GC(50) User=0.00s Sys=0.00s Real=0.00s
[2020-09-25T19:14:24.061+0000][gc,marking    ] GC(50) Concurrent Cleanup for Next Mark
[2020-09-25T19:14:24.062+0000][gc,marking    ] GC(50) Concurrent Cleanup for Next Mark 0.765ms
[2020-09-25T19:14:24.062+0000][gc            ] GC(50) Concurrent Cycle 70.744ms
[2020-09-25T19:19:11.574+0000][gc,start      ] GC(51) Pause Young (Normal) (G1 Evacuation Pause)
[2020-09-25T19:19:11.574+0000][gc,task       ] GC(51) Using 1 workers of 1 for evacuation
[2020-09-25T19:19:11.582+0000][gc,phases     ] GC(51)   Pre Evacuate Collection Set: 0.0ms
[2020-09-25T19:19:11.582+0000][gc,phases     ] GC(51)   Evacuate Collection Set: 7.3ms
[2020-09-25T19:19:11.582+0000][gc,phases     ] GC(51)   Post Evacuate Collection Set: 0.1ms
[2020-09-25T19:19:11.582+0000][gc,phases     ] GC(51)   Other: 0.2ms
[2020-09-25T19:19:11.582+0000][gc,heap       ] GC(51) Eden regions: 14->0(13)
[2020-09-25T19:19:11.582+0000][gc,heap       ] GC(51) Survivor regions: 1->2(2)
[2020-09-25T19:19:11.582+0000][gc,heap       ] GC(51) Old regions: 25->25
[2020-09-25T19:19:11.582+0000][gc,heap       ] GC(51) Humongous regions: 129->129
[2020-09-25T19:19:11.582+0000][gc,metaspace  ] GC(51) Metaspace: 39372K->39372K(1085440K)
[2020-09-25T19:19:11.582+0000][gc            ] GC(51) Pause Young (Normal) (G1 Evacuation Pause) 168M->154M(300M) 7.663ms
[2020-09-25T19:19:11.582+0000][gc,cpu        ] GC(51) User=0.01s Sys=0.00s Real=0.01s
[2020-09-25T19:23:40.645+0000][gc,start      ] GC(52) Pause Young (Concurrent Start) (G1 Evacuation Pause)
[2020-09-25T19:23:40.645+0000][gc,task       ] GC(52) Using 1 workers of 1 for evacuation
[2020-09-25T19:23:40.653+0000][gc,phases     ] GC(52)   Pre Evacuate Collection Set: 0.1ms
[2020-09-25T19:23:40.653+0000][gc,phases     ] GC(52)   Evacuate Collection Set: 7.4ms
[2020-09-25T19:23:40.653+0000][gc,phases     ] GC(52)   Post Evacuate Collection Set: 0.1ms
[2020-09-25T19:23:40.653+0000][gc,phases     ] GC(52)   Other: 0.2ms
[2020-09-25T19:23:40.653+0000][gc,heap       ] GC(52) Eden regions: 13->0(13)
[2020-09-25T19:23:40.653+0000][gc,heap       ] GC(52) Survivor regions: 2->2(2)
[2020-09-25T19:23:40.653+0000][gc,heap       ] GC(52) Old regions: 25->25
[2020-09-25T19:23:40.653+0000][gc,heap       ] GC(52) Humongous regions: 129->129
[2020-09-25T19:23:40.653+0000][gc,metaspace  ] GC(52) Metaspace: 39379K->39379K(1085440K)
[2020-09-25T19:23:40.653+0000][gc            ] GC(52) Pause Young (Concurrent Start) (G1 Evacuation Pause) 167M->154M(300M) 7.963ms
[2020-09-25T19:23:40.653+0000][gc,cpu        ] GC(52) User=0.01s Sys=0.00s Real=0.01s
[2020-09-25T19:23:40.653+0000][gc            ] GC(53) Concurrent Cycle
[2020-09-25T19:23:40.653+0000][gc,marking    ] GC(53) Concurrent Clear Claimed Marks
[2020-09-25T19:23:40.653+0000][gc,marking    ] GC(53) Concurrent Clear Claimed Marks 0.046ms
[2020-09-25T19:23:40.653+0000][gc,marking    ] GC(53) Concurrent Scan Root Regions
[2020-09-25T19:23:40.655+0000][gc,marking    ] GC(53) Concurrent Scan Root Regions 1.731ms
[2020-09-25T19:23:40.655+0000][gc,marking    ] GC(53) Concurrent Mark (6669.645s)
[2020-09-25T19:23:40.655+0000][gc,marking    ] GC(53) Concurrent Mark From Roots
[2020-09-25T19:23:40.655+0000][gc,task       ] GC(53) Using 1 workers of 1 for marking
[2020-09-25T19:23:40.692+0000][gc,marking    ] GC(53) Concurrent Mark From Roots 37.059ms
[2020-09-25T19:23:40.692+0000][gc,marking    ] GC(53) Concurrent Preclean
[2020-09-25T19:23:40.692+0000][gc,marking    ] GC(53) Concurrent Preclean 0.075ms
[2020-09-25T19:23:40.692+0000][gc,marking    ] GC(53) Concurrent Mark (6669.645s, 6669.683s) 37.203ms
[2020-09-25T19:23:40.692+0000][gc,start      ] GC(53) Pause Remark
[2020-09-25T19:23:40.704+0000][gc,stringtable] GC(53) Cleaned string and symbol table, strings: 16917 processed, 0 removed, symbols: 81069 processed, 0 removed
[2020-09-25T19:23:40.704+0000][gc            ] GC(53) Pause Remark 155M->155M(300M) 12.017ms
[2020-09-25T19:23:40.704+0000][gc,cpu        ] GC(53) User=0.01s Sys=0.00s Real=0.01s
[2020-09-25T19:23:40.704+0000][gc,marking    ] GC(53) Concurrent Rebuild Remembered Sets
[2020-09-25T19:23:40.721+0000][gc,marking    ] GC(53) Concurrent Rebuild Remembered Sets 16.906ms
[2020-09-25T19:23:40.721+0000][gc,start      ] GC(53) Pause Cleanup
[2020-09-25T19:23:40.721+0000][gc            ] GC(53) Pause Cleanup 155M->155M(300M) 0.097ms
[2020-09-25T19:23:40.721+0000][gc,cpu        ] GC(53) User=0.00s Sys=0.00s Real=0.00s
[2020-09-25T19:23:40.721+0000][gc,marking    ] GC(53) Concurrent Cleanup for Next Mark
[2020-09-25T19:23:40.722+0000][gc,marking    ] GC(53) Concurrent Cleanup for Next Mark 0.769ms
[2020-09-25T19:23:40.722+0000][gc            ] GC(53) Concurrent Cycle 69.328ms
[2020-09-25T19:28:04.324+0000][gc,start      ] GC(54) Pause Young (Normal) (G1 Evacuation Pause)
[2020-09-25T19:28:04.324+0000][gc,task       ] GC(54) Using 1 workers of 1 for evacuation
[2020-09-25T19:28:04.331+0000][gc,phases     ] GC(54)   Pre Evacuate Collection Set: 0.0ms
[2020-09-25T19:28:04.331+0000][gc,phases     ] GC(54)   Evacuate Collection Set: 6.9ms
[2020-09-25T19:28:04.331+0000][gc,phases     ] GC(54)   Post Evacuate Collection Set: 0.1ms
[2020-09-25T19:28:04.331+0000][gc,phases     ] GC(54)   Other: 0.2ms
[2020-09-25T19:28:04.331+0000][gc,heap       ] GC(54) Eden regions: 13->0(13)
[2020-09-25T19:28:04.331+0000][gc,heap       ] GC(54) Survivor regions: 2->2(2)
[2020-09-25T19:28:04.331+0000][gc,heap       ] GC(54) Old regions: 25->25
[2020-09-25T19:28:04.331+0000][gc,heap       ] GC(54) Humongous regions: 129->129
[2020-09-25T19:28:04.331+0000][gc,metaspace  ] GC(54) Metaspace: 39400K->39400K(1085440K)
[2020-09-25T19:28:04.331+0000][gc            ] GC(54) Pause Young (Normal) (G1 Evacuation Pause) 167M->155M(300M) 7.259ms
[2020-09-25T19:28:04.331+0000][gc,cpu        ] GC(54) User=0.01s Sys=0.00s Real=0.01s
[2020-09-25T19:32:35.322+0000][gc,start      ] GC(55) Pause Young (Concurrent Start) (G1 Evacuation Pause)
[2020-09-25T19:32:35.322+0000][gc,task       ] GC(55) Using 1 workers of 1 for evacuation
[2020-09-25T19:32:35.330+0000][gc,phases     ] GC(55)   Pre Evacuate Collection Set: 0.2ms
[2020-09-25T19:32:35.330+0000][gc,phases     ] GC(55)   Evacuate Collection Set: 6.6ms
[2020-09-25T19:32:35.330+0000][gc,phases     ] GC(55)   Post Evacuate Collection Set: 0.1ms
[2020-09-25T19:32:35.330+0000][gc,phases     ] GC(55)   Other: 0.2ms
[2020-09-25T19:32:35.330+0000][gc,heap       ] GC(55) Eden regions: 13->0(13)
[2020-09-25T19:32:35.330+0000][gc,heap       ] GC(55) Survivor regions: 2->2(2)
[2020-09-25T19:32:35.330+0000][gc,heap       ] GC(55) Old regions: 25->26
[2020-09-25T19:32:35.330+0000][gc,heap       ] GC(55) Humongous regions: 129->129
[2020-09-25T19:32:35.330+0000][gc,metaspace  ] GC(55) Metaspace: 39400K->39400K(1085440K)
[2020-09-25T19:32:35.330+0000][gc            ] GC(55) Pause Young (Concurrent Start) (G1 Evacuation Pause) 168M->155M(300M) 7.232ms
[2020-09-25T19:32:35.330+0000][gc,cpu        ] GC(55) User=0.01s Sys=0.00s Real=0.01s
[2020-09-25T19:32:35.330+0000][gc            ] GC(56) Concurrent Cycle
[2020-09-25T19:32:35.330+0000][gc,marking    ] GC(56) Concurrent Clear Claimed Marks
[2020-09-25T19:32:35.330+0000][gc,marking    ] GC(56) Concurrent Clear Claimed Marks 0.047ms
[2020-09-25T19:32:35.330+0000][gc,marking    ] GC(56) Concurrent Scan Root Regions
[2020-09-25T19:32:35.338+0000][gc,marking    ] GC(56) Concurrent Scan Root Regions 8.639ms
[2020-09-25T19:32:35.338+0000][gc,marking    ] GC(56) Concurrent Mark (7204.329s)
[2020-09-25T19:32:35.338+0000][gc,marking    ] GC(56) Concurrent Mark From Roots
[2020-09-25T19:32:35.339+0000][gc,task       ] GC(56) Using 1 workers of 1 for marking
[2020-09-25T19:32:35.385+0000][gc,marking    ] GC(56) Concurrent Mark From Roots 46.747ms
[2020-09-25T19:32:35.385+0000][gc,marking    ] GC(56) Concurrent Preclean
[2020-09-25T19:32:35.385+0000][gc,marking    ] GC(56) Concurrent Preclean 0.073ms
[2020-09-25T19:32:35.385+0000][gc,marking    ] GC(56) Concurrent Mark (7204.329s, 7204.376s) 46.889ms
[2020-09-25T19:32:35.386+0000][gc,start      ] GC(56) Pause Remark
[2020-09-25T19:32:35.397+0000][gc,stringtable] GC(56) Cleaned string and symbol table, strings: 17136 processed, 0 removed, symbols: 81069 processed, 0 removed
[2020-09-25T19:32:35.397+0000][gc            ] GC(56) Pause Remark 156M->156M(300M) 11.724ms
[2020-09-25T19:32:35.397+0000][gc,cpu        ] GC(56) User=0.02s Sys=0.00s Real=0.02s
[2020-09-25T19:32:35.397+0000][gc,marking    ] GC(56) Concurrent Rebuild Remembered Sets
[2020-09-25T19:32:35.414+0000][gc,marking    ] GC(56) Concurrent Rebuild Remembered Sets 16.956ms
[2020-09-25T19:32:35.414+0000][gc,start      ] GC(56) Pause Cleanup
[2020-09-25T19:32:35.415+0000][gc            ] GC(56) Pause Cleanup 156M->156M(300M) 0.104ms
[2020-09-25T19:32:35.415+0000][gc,cpu        ] GC(56) User=0.00s Sys=0.00s Real=0.00s
[2020-09-25T19:32:35.415+0000][gc,marking    ] GC(56) Concurrent Cleanup for Next Mark
[2020-09-25T19:32:35.415+0000][gc,marking    ] GC(56) Concurrent Cleanup for Next Mark 0.805ms
[2020-09-25T19:32:35.415+0000][gc            ] GC(56) Concurrent Cycle 85.708ms
[2020-09-25T19:36:41.661+0000][gc,start      ] GC(57) Pause Young (Normal) (G1 Evacuation Pause)
[2020-09-25T19:36:41.661+0000][gc,task       ] GC(57) Using 1 workers of 1 for evacuation
[2020-09-25T19:36:41.670+0000][gc,phases     ] GC(57)   Pre Evacuate Collection Set: 0.0ms
[2020-09-25T19:36:41.670+0000][gc,phases     ] GC(57)   Evacuate Collection Set: 8.4ms
[2020-09-25T19:36:41.670+0000][gc,phases     ] GC(57)   Post Evacuate Collection Set: 0.2ms
[2020-09-25T19:36:41.670+0000][gc,phases     ] GC(57)   Other: 0.2ms
[2020-09-25T19:36:41.670+0000][gc,heap       ] GC(57) Eden regions: 13->0(13)
[2020-09-25T19:36:41.670+0000][gc,heap       ] GC(57) Survivor regions: 2->2(2)
[2020-09-25T19:36:41.670+0000][gc,heap       ] GC(57) Old regions: 26->26
[2020-09-25T19:36:41.670+0000][gc,heap       ] GC(57) Humongous regions: 129->129
[2020-09-25T19:36:41.670+0000][gc,metaspace  ] GC(57) Metaspace: 39400K->39400K(1085440K)
[2020-09-25T19:36:41.670+0000][gc            ] GC(57) Pause Young (Normal) (G1 Evacuation Pause) 168M->156M(300M) 8.905ms
[2020-09-25T19:36:41.670+0000][gc,cpu        ] GC(57) User=0.01s Sys=0.00s Real=0.01s
[2020-09-25T19:41:05.003+0000][gc,start      ] GC(58) Pause Young (Concurrent Start) (G1 Evacuation Pause)
[2020-09-25T19:41:05.003+0000][gc,task       ] GC(58) Using 1 workers of 1 for evacuation
[2020-09-25T19:41:05.011+0000][gc,phases     ] GC(58)   Pre Evacuate Collection Set: 0.2ms
[2020-09-25T19:41:05.011+0000][gc,phases     ] GC(58)   Evacuate Collection Set: 8.0ms
[2020-09-25T19:41:05.011+0000][gc,phases     ] GC(58)   Post Evacuate Collection Set: 0.2ms
[2020-09-25T19:41:05.011+0000][gc,phases     ] GC(58)   Other: 0.3ms
[2020-09-25T19:41:05.011+0000][gc,heap       ] GC(58) Eden regions: 13->0(14)
[2020-09-25T19:41:05.011+0000][gc,heap       ] GC(58) Survivor regions: 2->1(2)
[2020-09-25T19:41:05.011+0000][gc,heap       ] GC(58) Old regions: 26->27
[2020-09-25T19:41:05.011+0000][gc,heap       ] GC(58) Humongous regions: 129->129
[2020-09-25T19:41:05.011+0000][gc,metaspace  ] GC(58) Metaspace: 39414K->39414K(1085440K)
[2020-09-25T19:41:05.011+0000][gc            ] GC(58) Pause Young (Concurrent Start) (G1 Evacuation Pause) 169M->156M(300M) 8.688ms
[2020-09-25T19:41:05.011+0000][gc,cpu        ] GC(58) User=0.01s Sys=0.00s Real=0.01s
[2020-09-25T19:41:05.011+0000][gc            ] GC(59) Concurrent Cycle
[2020-09-25T19:41:05.011+0000][gc,marking    ] GC(59) Concurrent Clear Claimed Marks
[2020-09-25T19:41:05.011+0000][gc,marking    ] GC(59) Concurrent Clear Claimed Marks 0.115ms
[2020-09-25T19:41:05.011+0000][gc,marking    ] GC(59) Concurrent Scan Root Regions
[2020-09-25T19:41:05.013+0000][gc,marking    ] GC(59) Concurrent Scan Root Regions 1.740ms
[2020-09-25T19:41:05.013+0000][gc,marking    ] GC(59) Concurrent Mark (7714.004s)
[2020-09-25T19:41:05.013+0000][gc,marking    ] GC(59) Concurrent Mark From Roots
[2020-09-25T19:41:05.013+0000][gc,task       ] GC(59) Using 1 workers of 1 for marking
[2020-09-25T19:41:05.050+0000][gc,marking    ] GC(59) Concurrent Mark From Roots 36.699ms
[2020-09-25T19:41:05.050+0000][gc,marking    ] GC(59) Concurrent Preclean
[2020-09-25T19:41:05.050+0000][gc,marking    ] GC(59) Concurrent Preclean 0.082ms
[2020-09-25T19:41:05.050+0000][gc,marking    ] GC(59) Concurrent Mark (7714.004s, 7714.041s) 36.845ms
[2020-09-25T19:41:05.050+0000][gc,start      ] GC(59) Pause Remark
[2020-09-25T19:41:05.062+0000][gc,stringtable] GC(59) Cleaned string and symbol table, strings: 17136 processed, 0 removed, symbols: 81069 processed, 0 removed
[2020-09-25T19:41:05.062+0000][gc            ] GC(59) Pause Remark 156M->156M(300M) 11.605ms
[2020-09-25T19:41:05.062+0000][gc,cpu        ] GC(59) User=0.02s Sys=0.00s Real=0.01s
[2020-09-25T19:41:05.062+0000][gc,marking    ] GC(59) Concurrent Rebuild Remembered Sets
[2020-09-25T19:41:05.079+0000][gc,marking    ] GC(59) Concurrent Rebuild Remembered Sets 17.203ms
[2020-09-25T19:41:05.079+0000][gc,start      ] GC(59) Pause Cleanup
[2020-09-25T19:41:05.079+0000][gc            ] GC(59) Pause Cleanup 156M->156M(300M) 0.093ms
[2020-09-25T19:41:05.079+0000][gc,cpu        ] GC(59) User=0.00s Sys=0.00s Real=0.00s
[2020-09-25T19:41:05.079+0000][gc,marking    ] GC(59) Concurrent Cleanup for Next Mark
[2020-09-25T19:41:05.080+0000][gc,marking    ] GC(59) Concurrent Cleanup for Next Mark 0.785ms
[2020-09-25T19:41:05.080+0000][gc            ] GC(59) Concurrent Cycle 68.898ms
[2020-09-25T19:46:01.335+0000][gc,start      ] GC(60) Pause Young (Normal) (G1 Evacuation Pause)
[2020-09-25T19:46:01.335+0000][gc,task       ] GC(60) Using 1 workers of 1 for evacuation
[2020-09-25T19:46:01.341+0000][gc,phases     ] GC(60)   Pre Evacuate Collection Set: 0.0ms
[2020-09-25T19:46:01.341+0000][gc,phases     ] GC(60)   Evacuate Collection Set: 5.5ms
[2020-09-25T19:46:01.341+0000][gc,phases     ] GC(60)   Post Evacuate Collection Set: 0.2ms
[2020-09-25T19:46:01.341+0000][gc,phases     ] GC(60)   Other: 0.2ms
[2020-09-25T19:46:01.341+0000][gc,heap       ] GC(60) Eden regions: 14->0(14)
[2020-09-25T19:46:01.341+0000][gc,heap       ] GC(60) Survivor regions: 1->1(2)
[2020-09-25T19:46:01.341+0000][gc,heap       ] GC(60) Old regions: 27->27
[2020-09-25T19:46:01.341+0000][gc,heap       ] GC(60) Humongous regions: 129->129
[2020-09-25T19:46:01.341+0000][gc,metaspace  ] GC(60) Metaspace: 39417K->39417K(1085440K)
[2020-09-25T19:46:01.341+0000][gc            ] GC(60) Pause Young (Normal) (G1 Evacuation Pause) 170M->156M(300M) 5.995ms
[2020-09-25T19:46:01.341+0000][gc,cpu        ] GC(60) User=0.01s Sys=0.00s Real=0.00s
[2020-09-25T19:50:49.379+0000][gc,start      ] GC(61) Pause Young (Concurrent Start) (G1 Evacuation Pause)
[2020-09-25T19:50:49.379+0000][gc,task       ] GC(61) Using 1 workers of 1 for evacuation
[2020-09-25T19:50:49.384+0000][gc,phases     ] GC(61)   Pre Evacuate Collection Set: 0.2ms
[2020-09-25T19:50:49.385+0000][gc,phases     ] GC(61)   Evacuate Collection Set: 5.2ms
[2020-09-25T19:50:49.385+0000][gc,phases     ] GC(61)   Post Evacuate Collection Set: 0.1ms
[2020-09-25T19:50:49.385+0000][gc,phases     ] GC(61)   Other: 0.2ms
[2020-09-25T19:50:49.385+0000][gc,heap       ] GC(61) Eden regions: 14->0(14)
[2020-09-25T19:50:49.385+0000][gc,heap       ] GC(61) Survivor regions: 1->1(2)
[2020-09-25T19:50:49.385+0000][gc,heap       ] GC(61) Old regions: 27->27
[2020-09-25T19:50:49.385+0000][gc,heap       ] GC(61) Humongous regions: 129->129
[2020-09-25T19:50:49.385+0000][gc,metaspace  ] GC(61) Metaspace: 39417K->39417K(1085440K)
[2020-09-25T19:50:49.385+0000][gc            ] GC(61) Pause Young (Concurrent Start) (G1 Evacuation Pause) 170M->156M(300M) 5.767ms
[2020-09-25T19:50:49.385+0000][gc,cpu        ] GC(61) User=0.00s Sys=0.00s Real=0.00s
[2020-09-25T19:50:49.385+0000][gc            ] GC(62) Concurrent Cycle
[2020-09-25T19:50:49.385+0000][gc,marking    ] GC(62) Concurrent Clear Claimed Marks
[2020-09-25T19:50:49.385+0000][gc,marking    ] GC(62) Concurrent Clear Claimed Marks 0.047ms
[2020-09-25T19:50:49.385+0000][gc,marking    ] GC(62) Concurrent Scan Root Regions
[2020-09-25T19:50:49.386+0000][gc,marking    ] GC(62) Concurrent Scan Root Regions 1.055ms
[2020-09-25T19:50:49.386+0000][gc,marking    ] GC(62) Concurrent Mark (8298.377s)
[2020-09-25T19:50:49.386+0000][gc,marking    ] GC(62) Concurrent Mark From Roots
[2020-09-25T19:50:49.386+0000][gc,task       ] GC(62) Using 1 workers of 1 for marking
[2020-09-25T19:50:49.413+0000][gc,marking    ] GC(62) Concurrent Mark From Roots 27.588ms
[2020-09-25T19:50:49.413+0000][gc,marking    ] GC(62) Concurrent Preclean
[2020-09-25T19:50:49.414+0000][gc,marking    ] GC(62) Concurrent Preclean 0.082ms
[2020-09-25T19:50:49.414+0000][gc,marking    ] GC(62) Concurrent Mark (8298.377s, 8298.404s) 27.734ms
[2020-09-25T19:50:49.414+0000][gc,start      ] GC(62) Pause Remark
[2020-09-25T19:50:49.426+0000][gc,stringtable] GC(62) Cleaned string and symbol table, strings: 17142 processed, 0 removed, symbols: 81069 processed, 0 removed
[2020-09-25T19:50:49.426+0000][gc            ] GC(62) Pause Remark 156M->156M(300M) 12.287ms
[2020-09-25T19:50:49.426+0000][gc,cpu        ] GC(62) User=0.01s Sys=0.00s Real=0.01s
[2020-09-25T19:50:49.426+0000][gc,marking    ] GC(62) Concurrent Rebuild Remembered Sets
[2020-09-25T19:50:49.443+0000][gc,marking    ] GC(62) Concurrent Rebuild Remembered Sets 17.054ms
[2020-09-25T19:50:49.443+0000][gc,start      ] GC(62) Pause Cleanup
[2020-09-25T19:50:49.443+0000][gc            ] GC(62) Pause Cleanup 156M->156M(300M) 0.107ms
[2020-09-25T19:50:49.443+0000][gc,cpu        ] GC(62) User=0.00s Sys=0.00s Real=0.00s
[2020-09-25T19:50:49.444+0000][gc,marking    ] GC(62) Concurrent Cleanup for Next Mark
[2020-09-25T19:50:49.444+0000][gc,marking    ] GC(62) Concurrent Cleanup for Next Mark 0.770ms
[2020-09-25T19:50:49.444+0000][gc            ] GC(62) Concurrent Cycle 59.615ms
[2020-09-25T19:55:39.000+0000][gc,start      ] GC(63) Pause Young (Normal) (G1 Evacuation Pause)
[2020-09-25T19:55:39.000+0000][gc,task       ] GC(63) Using 1 workers of 1 for evacuation
[2020-09-25T19:55:39.006+0000][gc,phases     ] GC(63)   Pre Evacuate Collection Set: 0.0ms
[2020-09-25T19:55:39.006+0000][gc,phases     ] GC(63)   Evacuate Collection Set: 5.2ms
[2020-09-25T19:55:39.006+0000][gc,phases     ] GC(63)   Post Evacuate Collection Set: 0.2ms
[2020-09-25T19:55:39.006+0000][gc,phases     ] GC(63)   Other: 0.2ms
[2020-09-25T19:55:39.006+0000][gc,heap       ] GC(63) Eden regions: 14->0(15)
[2020-09-25T19:55:39.006+0000][gc,heap       ] GC(63) Survivor regions: 1->1(2)
[2020-09-25T19:55:39.006+0000][gc,heap       ] GC(63) Old regions: 27->27
[2020-09-25T19:55:39.006+0000][gc,heap       ] GC(63) Humongous regions: 129->129
[2020-09-25T19:55:39.006+0000][gc,metaspace  ] GC(63) Metaspace: 39437K->39437K(1085440K)
[2020-09-25T19:55:39.006+0000][gc            ] GC(63) Pause Young (Normal) (G1 Evacuation Pause) 170M->156M(300M) 5.685ms
[2020-09-25T19:55:39.006+0000][gc,cpu        ] GC(63) User=0.01s Sys=0.00s Real=0.00s
[2020-09-25T20:00:54.406+0000][gc,start      ] GC(64) Pause Young (Concurrent Start) (G1 Evacuation Pause)
[2020-09-25T20:00:54.406+0000][gc,task       ] GC(64) Using 1 workers of 1 for evacuation
[2020-09-25T20:00:54.411+0000][gc,phases     ] GC(64)   Pre Evacuate Collection Set: 0.1ms
[2020-09-25T20:00:54.411+0000][gc,phases     ] GC(64)   Evacuate Collection Set: 5.2ms
[2020-09-25T20:00:54.411+0000][gc,phases     ] GC(64)   Post Evacuate Collection Set: 0.1ms
[2020-09-25T20:00:54.411+0000][gc,phases     ] GC(64)   Other: 0.2ms
[2020-09-25T20:00:54.411+0000][gc,heap       ] GC(64) Eden regions: 15->0(16)
[2020-09-25T20:00:54.411+0000][gc,heap       ] GC(64) Survivor regions: 1->1(2)
[2020-09-25T20:00:54.411+0000][gc,heap       ] GC(64) Old regions: 27->27
[2020-09-25T20:00:54.411+0000][gc,heap       ] GC(64) Humongous regions: 129->129
[2020-09-25T20:00:54.411+0000][gc,metaspace  ] GC(64) Metaspace: 39439K->39439K(1085440K)
[2020-09-25T20:00:54.411+0000][gc            ] GC(64) Pause Young (Concurrent Start) (G1 Evacuation Pause) 171M->156M(300M) 5.731ms
[2020-09-25T20:00:54.411+0000][gc,cpu        ] GC(64) User=0.00s Sys=0.00s Real=0.01s
[2020-09-25T20:00:54.412+0000][gc            ] GC(65) Concurrent Cycle
[2020-09-25T20:00:54.412+0000][gc,marking    ] GC(65) Concurrent Clear Claimed Marks
[2020-09-25T20:00:54.412+0000][gc,marking    ] GC(65) Concurrent Clear Claimed Marks 0.047ms
[2020-09-25T20:00:54.412+0000][gc,marking    ] GC(65) Concurrent Scan Root Regions
[2020-09-25T20:00:54.413+0000][gc,marking    ] GC(65) Concurrent Scan Root Regions 1.203ms
[2020-09-25T20:00:54.413+0000][gc,marking    ] GC(65) Concurrent Mark (8903.404s)
[2020-09-25T20:00:54.413+0000][gc,marking    ] GC(65) Concurrent Mark From Roots
[2020-09-25T20:00:54.413+0000][gc,task       ] GC(65) Using 1 workers of 1 for marking
[2020-09-25T20:00:54.450+0000][gc,marking    ] GC(65) Concurrent Mark From Roots 37.314ms
[2020-09-25T20:00:54.450+0000][gc,marking    ] GC(65) Concurrent Preclean
[2020-09-25T20:00:54.450+0000][gc,marking    ] GC(65) Concurrent Preclean 0.083ms
[2020-09-25T20:00:54.450+0000][gc,marking    ] GC(65) Concurrent Mark (8903.404s, 8903.441s) 37.464ms
[2020-09-25T20:00:54.450+0000][gc,start      ] GC(65) Pause Remark
[2020-09-25T20:00:54.462+0000][gc,stringtable] GC(65) Cleaned string and symbol table, strings: 17157 processed, 0 removed, symbols: 81069 processed, 0 removed
[2020-09-25T20:00:54.463+0000][gc            ] GC(65) Pause Remark 156M->156M(300M) 12.100ms
[2020-09-25T20:00:54.463+0000][gc,cpu        ] GC(65) User=0.01s Sys=0.00s Real=0.01s
[2020-09-25T20:00:54.463+0000][gc,marking    ] GC(65) Concurrent Rebuild Remembered Sets
[2020-09-25T20:00:54.479+0000][gc,marking    ] GC(65) Concurrent Rebuild Remembered Sets 16.848ms
[2020-09-25T20:00:54.480+0000][gc,start      ] GC(65) Pause Cleanup
[2020-09-25T20:00:54.480+0000][gc            ] GC(65) Pause Cleanup 156M->156M(300M) 0.107ms
[2020-09-25T20:00:54.480+0000][gc,cpu        ] GC(65) User=0.00s Sys=0.00s Real=0.00s
[2020-09-25T20:00:54.480+0000][gc,marking    ] GC(65) Concurrent Cleanup for Next Mark
[2020-09-25T20:00:54.481+0000][gc,marking    ] GC(65) Concurrent Cleanup for Next Mark 0.766ms
[2020-09-25T20:00:54.481+0000][gc            ] GC(65) Concurrent Cycle 69.086ms
[2020-09-25T20:06:04.464+0000][gc,start      ] GC(66) Pause Young (Normal) (G1 Evacuation Pause)
[2020-09-25T20:06:04.464+0000][gc,task       ] GC(66) Using 1 workers of 1 for evacuation
[2020-09-25T20:06:04.469+0000][gc,phases     ] GC(66)   Pre Evacuate Collection Set: 0.0ms
[2020-09-25T20:06:04.469+0000][gc,phases     ] GC(66)   Evacuate Collection Set: 5.3ms
[2020-09-25T20:06:04.469+0000][gc,phases     ] GC(66)   Post Evacuate Collection Set: 0.1ms
[2020-09-25T20:06:04.469+0000][gc,phases     ] GC(66)   Other: 0.2ms
[2020-09-25T20:06:04.469+0000][gc,heap       ] GC(66) Eden regions: 15->0(17)
[2020-09-25T20:06:04.469+0000][gc,heap       ] GC(66) Survivor regions: 1->1(2)
[2020-09-25T20:06:04.469+0000][gc,heap       ] GC(66) Old regions: 27->27
[2020-09-25T20:06:04.469+0000][gc,heap       ] GC(66) Humongous regions: 129->129
[2020-09-25T20:06:04.469+0000][gc,metaspace  ] GC(66) Metaspace: 39441K->39441K(1085440K)
[2020-09-25T20:06:04.469+0000][gc            ] GC(66) Pause Young (Normal) (G1 Evacuation Pause) 171M->156M(300M) 5.735ms
[2020-09-25T20:06:04.469+0000][gc,cpu        ] GC(66) User=0.01s Sys=0.00s Real=0.01s
[2020-09-25T20:12:04.482+0000][gc,start      ] GC(67) Pause Young (Concurrent Start) (G1 Evacuation Pause)
[2020-09-25T20:12:04.482+0000][gc,task       ] GC(67) Using 1 workers of 1 for evacuation
[2020-09-25T20:12:04.488+0000][gc,phases     ] GC(67)   Pre Evacuate Collection Set: 0.1ms
[2020-09-25T20:12:04.488+0000][gc,phases     ] GC(67)   Evacuate Collection Set: 5.2ms
[2020-09-25T20:12:04.488+0000][gc,phases     ] GC(67)   Post Evacuate Collection Set: 0.1ms
[2020-09-25T20:12:04.488+0000][gc,phases     ] GC(67)   Other: 0.2ms
[2020-09-25T20:12:04.488+0000][gc,heap       ] GC(67) Eden regions: 17->0(18)
[2020-09-25T20:12:04.488+0000][gc,heap       ] GC(67) Survivor regions: 1->1(3)
[2020-09-25T20:12:04.488+0000][gc,heap       ] GC(67) Old regions: 27->27
[2020-09-25T20:12:04.488+0000][gc,heap       ] GC(67) Humongous regions: 129->129
[2020-09-25T20:12:04.488+0000][gc,metaspace  ] GC(67) Metaspace: 39444K->39444K(1085440K)
[2020-09-25T20:12:04.488+0000][gc            ] GC(67) Pause Young (Concurrent Start) (G1 Evacuation Pause) 173M->156M(300M) 5.738ms
[2020-09-25T20:12:04.488+0000][gc,cpu        ] GC(67) User=0.01s Sys=0.00s Real=0.01s
[2020-09-25T20:12:04.488+0000][gc            ] GC(68) Concurrent Cycle
[2020-09-25T20:12:04.488+0000][gc,marking    ] GC(68) Concurrent Clear Claimed Marks
[2020-09-25T20:12:04.488+0000][gc,marking    ] GC(68) Concurrent Clear Claimed Marks 0.047ms
[2020-09-25T20:12:04.488+0000][gc,marking    ] GC(68) Concurrent Scan Root Regions
[2020-09-25T20:12:04.489+0000][gc,marking    ] GC(68) Concurrent Scan Root Regions 1.155ms
[2020-09-25T20:12:04.489+0000][gc,marking    ] GC(68) Concurrent Mark (9573.480s)
[2020-09-25T20:12:04.489+0000][gc,marking    ] GC(68) Concurrent Mark From Roots
[2020-09-25T20:12:04.489+0000][gc,task       ] GC(68) Using 1 workers of 1 for marking
[2020-09-25T20:12:04.516+0000][gc,marking    ] GC(68) Concurrent Mark From Roots 27.215ms
[2020-09-25T20:12:04.516+0000][gc,marking    ] GC(68) Concurrent Preclean
[2020-09-25T20:12:04.516+0000][gc,marking    ] GC(68) Concurrent Preclean 0.078ms
[2020-09-25T20:12:04.516+0000][gc,marking    ] GC(68) Concurrent Mark (9573.480s, 9573.507s) 27.358ms
[2020-09-25T20:12:04.517+0000][gc,start      ] GC(68) Pause Remark
[2020-09-25T20:12:04.528+0000][gc,stringtable] GC(68) Cleaned string and symbol table, strings: 17161 processed, 0 removed, symbols: 81069 processed, 0 removed
[2020-09-25T20:12:04.528+0000][gc            ] GC(68) Pause Remark 156M->156M(300M) 11.692ms
[2020-09-25T20:12:04.528+0000][gc,cpu        ] GC(68) User=0.01s Sys=0.00s Real=0.01s
[2020-09-25T20:12:04.528+0000][gc,marking    ] GC(68) Concurrent Rebuild Remembered Sets
[2020-09-25T20:12:04.545+0000][gc,marking    ] GC(68) Concurrent Rebuild Remembered Sets 17.019ms
[2020-09-25T20:12:04.546+0000][gc,start      ] GC(68) Pause Cleanup
[2020-09-25T20:12:04.546+0000][gc            ] GC(68) Pause Cleanup 156M->156M(300M) 0.105ms
[2020-09-25T20:12:04.546+0000][gc,cpu        ] GC(68) User=0.00s Sys=0.00s Real=0.00s
[2020-09-25T20:12:04.546+0000][gc,marking    ] GC(68) Concurrent Cleanup for Next Mark
[2020-09-25T20:12:04.546+0000][gc,marking    ] GC(68) Concurrent Cleanup for Next Mark 0.776ms
[2020-09-25T20:12:04.547+0000][gc            ] GC(68) Concurrent Cycle 58.709ms
[2020-09-25T20:18:23.718+0000][gc,start      ] GC(69) Pause Young (Normal) (G1 Evacuation Pause)
[2020-09-25T20:18:23.718+0000][gc,task       ] GC(69) Using 1 workers of 1 for evacuation
[2020-09-25T20:18:23.723+0000][gc,phases     ] GC(69)   Pre Evacuate Collection Set: 0.0ms
[2020-09-25T20:18:23.723+0000][gc,phases     ] GC(69)   Evacuate Collection Set: 5.4ms
[2020-09-25T20:18:23.723+0000][gc,phases     ] GC(69)   Post Evacuate Collection Set: 0.1ms
[2020-09-25T20:18:23.723+0000][gc,phases     ] GC(69)   Other: 0.2ms
[2020-09-25T20:18:23.723+0000][gc,heap       ] GC(69) Eden regions: 18->0(20)
[2020-09-25T20:18:23.723+0000][gc,heap       ] GC(69) Survivor regions: 1->1(3)
[2020-09-25T20:18:23.723+0000][gc,heap       ] GC(69) Old regions: 27->27
