[2020-09-25T17:23:21.534+0000][gc,heap] Heap region size: 1M
[2020-09-25T17:23:21.538+0000][gc     ] Using G1
[2020-09-25T17:23:21.538+0000][gc,heap,coops] Heap address: 0x00000000ed400000, size: 300 MB, Compressed Oops mode: 32-bit
[2020-09-25T17:23:22.580+0000][gc,start     ] GC(0) Pause Young (Normal) (G1 Evacuation Pause)
[2020-09-25T17:23:22.580+0000][gc,task      ] GC(0) Using 1 workers of 1 for evacuation
[2020-09-25T17:23:22.592+0000][gc,phases    ] GC(0)   Pre Evacuate Collection Set: 0.0ms
[2020-09-25T17:23:22.592+0000][gc,phases    ] GC(0)   Evacuate Collection Set: 12.3ms
[2020-09-25T17:23:22.592+0000][gc,phases    ] GC(0)   Post Evacuate Collection Set: 0.2ms
[2020-09-25T17:23:22.592+0000][gc,phases    ] GC(0)   Other: 0.2ms
[2020-09-25T17:23:22.592+0000][gc,heap      ] GC(0) Eden regions: 15->0(13)
[2020-09-25T17:23:22.592+0000][gc,heap      ] GC(0) Survivor regions: 0->2(2)
[2020-09-25T17:23:22.592+0000][gc,heap      ] GC(0) Old regions: 0->4
[2020-09-25T17:23:22.592+0000][gc,heap      ] GC(0) Humongous regions: 0->0
[2020-09-25T17:23:22.592+0000][gc,metaspace ] GC(0) Metaspace: 6179K->6179K(1056768K)
[2020-09-25T17:23:22.593+0000][gc           ] GC(0) Pause Young (Normal) (G1 Evacuation Pause) 15M->5M(300M) 12.764ms
[2020-09-25T17:23:22.593+0000][gc,cpu       ] GC(0) User=0.01s Sys=0.00s Real=0.01s
[2020-09-25T17:23:23.232+0000][gc,start     ] GC(1) Pause Young (Normal) (G1 Evacuation Pause)
[2020-09-25T17:23:23.232+0000][gc,task      ] GC(1) Using 1 workers of 1 for evacuation
[2020-09-25T17:23:23.240+0000][gc,phases    ] GC(1)   Pre Evacuate Collection Set: 0.0ms
[2020-09-25T17:23:23.240+0000][gc,phases    ] GC(1)   Evacuate Collection Set: 8.0ms
[2020-09-25T17:23:23.240+0000][gc,phases    ] GC(1)   Post Evacuate Collection Set: 0.1ms
[2020-09-25T17:23:23.240+0000][gc,phases    ] GC(1)   Other: 0.1ms
[2020-09-25T17:23:23.240+0000][gc,heap      ] GC(1) Eden regions: 13->0(14)
[2020-09-25T17:23:23.240+0000][gc,heap      ] GC(1) Survivor regions: 2->1(2)
[2020-09-25T17:23:23.240+0000][gc,heap      ] GC(1) Old regions: 4->6
[2020-09-25T17:23:23.240+0000][gc,heap      ] GC(1) Humongous regions: 0->0
[2020-09-25T17:23:23.240+0000][gc,metaspace ] GC(1) Metaspace: 10085K->10085K(1058816K)
[2020-09-25T17:23:23.240+0000][gc           ] GC(1) Pause Young (Normal) (G1 Evacuation Pause) 18M->6M(300M) 8.393ms
[2020-09-25T17:23:23.240+0000][gc,cpu       ] GC(1) User=0.00s Sys=0.01s Real=0.01s
[2020-09-25T17:23:23.761+0000][gc,start     ] GC(2) Pause Young (Normal) (G1 Evacuation Pause)
[2020-09-25T17:23:23.761+0000][gc,task      ] GC(2) Using 1 workers of 1 for evacuation
[2020-09-25T17:23:23.765+0000][gc,phases    ] GC(2)   Pre Evacuate Collection Set: 0.0ms
[2020-09-25T17:23:23.765+0000][gc,phases    ] GC(2)   Evacuate Collection Set: 4.2ms
[2020-09-25T17:23:23.765+0000][gc,phases    ] GC(2)   Post Evacuate Collection Set: 0.1ms
[2020-09-25T17:23:23.765+0000][gc,phases    ] GC(2)   Other: 0.1ms
[2020-09-25T17:23:23.765+0000][gc,heap      ] GC(2) Eden regions: 14->0(13)
[2020-09-25T17:23:23.765+0000][gc,heap      ] GC(2) Survivor regions: 1->2(2)
[2020-09-25T17:23:23.765+0000][gc,heap      ] GC(2) Old regions: 6->6
[2020-09-25T17:23:23.765+0000][gc,heap      ] GC(2) Humongous regions: 0->0
[2020-09-25T17:23:23.765+0000][gc,metaspace ] GC(2) Metaspace: 13931K->13931K(1060864K)
[2020-09-25T17:23:23.765+0000][gc           ] GC(2) Pause Young (Normal) (G1 Evacuation Pause) 20M->6M(300M) 4.545ms
[2020-09-25T17:23:23.765+0000][gc,cpu       ] GC(2) User=0.00s Sys=0.00s Real=0.00s
[2020-09-25T17:23:30.558+0000][gc,heap,exit ] Heap
[2020-09-25T17:23:30.558+0000][gc,heap,exit ]  garbage-first heap   total 307200K, used 8166K [0x00000000ed400000, 0x0000000100000000)
[2020-09-25T17:23:30.558+0000][gc,heap,exit ]   region size 1024K, 4 young (4096K), 2 survivors (2048K)
[2020-09-25T17:23:30.558+0000][gc,heap,exit ]  Metaspace       used 14420K, capacity 14872K, committed 15104K, reserved 1062912K
[2020-09-25T17:23:30.558+0000][gc,heap,exit ]   class space    used 1998K, capacity 2190K, committed 2304K, reserved 1048576K
