[2020-09-25T17:32:26.414+0000][gc,heap] Heap region size: 1M
[2020-09-25T17:32:26.420+0000][gc     ] Using G1
[2020-09-25T17:32:26.420+0000][gc,heap,coops] Heap address: 0x00000000e0000000, size: 512 MB, Compressed Oops mode: 32-bit
[2020-09-25T17:32:34.702+0000][gc,start     ] GC(0) Pause Young (Normal) (G1 Evacuation Pause)
[2020-09-25T17:32:34.702+0000][gc,task      ] GC(0) Using 1 workers of 1 for evacuation
[2020-09-25T17:32:34.740+0000][gc,mmu       ] GC(0) MMU target violated: 21.0ms (20.0ms/21.0ms)
[2020-09-25T17:32:34.740+0000][gc,phases    ] GC(0)   Pre Evacuate Collection Set: 0.0ms
[2020-09-25T17:32:34.740+0000][gc,phases    ] GC(0)   Evacuate Collection Set: 36.8ms
[2020-09-25T17:32:34.740+0000][gc,phases    ] GC(0)   Post Evacuate Collection Set: 0.4ms
[2020-09-25T17:32:34.740+0000][gc,phases    ] GC(0)   Other: 0.3ms
[2020-09-25T17:32:34.740+0000][gc,heap      ] GC(0) Eden regions: 25->0(21)
[2020-09-25T17:32:34.740+0000][gc,heap      ] GC(0) Survivor regions: 0->4(4)
[2020-09-25T17:32:34.740+0000][gc,heap      ] GC(0) Old regions: 0->2
[2020-09-25T17:32:34.740+0000][gc,heap      ] GC(0) Humongous regions: 0->0
[2020-09-25T17:32:34.740+0000][gc,metaspace ] GC(0) Metaspace: 7683K->7683K(1056768K)
[2020-09-25T17:32:34.740+0000][gc           ] GC(0) Pause Young (Normal) (G1 Evacuation Pause) 25M->5M(512M) 37.580ms
[2020-09-25T17:32:34.740+0000][gc,cpu       ] GC(0) User=0.01s Sys=0.00s Real=0.04s
[2020-09-25T21:12:19.467+0000][gc,start     ] GC(1) Pause Young (Normal) (G1 Evacuation Pause)
[2020-09-25T21:12:19.467+0000][gc,task      ] GC(1) Using 1 workers of 1 for evacuation
[2020-09-25T21:12:19.478+0000][gc,phases    ] GC(1)   Pre Evacuate Collection Set: 0.0ms
[2020-09-25T21:12:19.478+0000][gc,phases    ] GC(1)   Evacuate Collection Set: 9.8ms
[2020-09-25T21:12:19.478+0000][gc,phases    ] GC(1)   Post Evacuate Collection Set: 0.2ms
[2020-09-25T21:12:19.478+0000][gc,phases    ] GC(1)   Other: 0.7ms
[2020-09-25T21:12:19.478+0000][gc,heap      ] GC(1) Eden regions: 21->0(24)
[2020-09-25T21:12:19.478+0000][gc,heap      ] GC(1) Survivor regions: 4->1(4)
[2020-09-25T21:12:19.478+0000][gc,heap      ] GC(1) Old regions: 2->6
[2020-09-25T21:12:19.478+0000][gc,heap      ] GC(1) Humongous regions: 0->0
[2020-09-25T21:12:19.478+0000][gc,metaspace ] GC(1) Metaspace: 8292K->8292K(1056768K)
[2020-09-25T21:12:19.478+0000][gc           ] GC(1) Pause Young (Normal) (G1 Evacuation Pause) 26M->5M(512M) 10.772ms
[2020-09-25T21:12:19.478+0000][gc,cpu       ] GC(1) User=0.01s Sys=0.00s Real=0.01s
[2020-09-26T00:29:59.221+0000][gc,heap,exit ] Heap
[2020-09-26T00:29:59.222+0000][gc,heap,exit ]  garbage-first heap   total 524288K, used 15339K [0x00000000e0000000, 0x0000000100000000)
[2020-09-26T00:29:59.222+0000][gc,heap,exit ]   region size 1024K, 11 young (11264K), 1 survivors (1024K)
[2020-09-26T00:29:59.222+0000][gc,heap,exit ]  Metaspace       used 8307K, capacity 8624K, committed 8704K, reserved 1056768K
[2020-09-26T00:29:59.222+0000][gc,heap,exit ]   class space    used 888K, capacity 1004K, committed 1024K, reserved 1048576K
